09:50:44 **** Clean-only build of configuration Debug for project Matrix_DynamicSpot ****
make clean 
rm -rf  ./src/helloworld.o ./src/platform.o  ./src/helloworld.d ./src/platform.d  Matrix_DynamicSpot.elf.size  Matrix_DynamicSpot.elf
' '
09:50:45 **** Clean-only build of project Matrix_DynamicSpot_bsp ****
make -k clean 
make -C ps7_cortexa9_0/libsrc/coresightps_dcc_v1_5/src -s clean 
make -C ps7_cortexa9_0/libsrc/cpu_cortexa9_v2_7/src -s clean 
make -C ps7_cortexa9_0/libsrc/ddrps_v1_0/src -s clean 
make -C ps7_cortexa9_0/libsrc/devcfg_v3_5/src -s clean 
make -C ps7_cortexa9_0/libsrc/dmaps_v2_4/src -s clean 
make -C ps7_cortexa9_0/libsrc/emacps_v3_9/src -s clean 
make -C ps7_cortexa9_0/libsrc/gpiops_v3_5/src -s clean 
make -C ps7_cortexa9_0/libsrc/qspips_v3_6/src -s clean 
make -C ps7_cortexa9_0/libsrc/scugic_v4_0/src -s clean 
make -C ps7_cortexa9_0/libsrc/scutimer_v2_1/src -s clean 
make -C ps7_cortexa9_0/libsrc/scuwdt_v2_1/src -s clean 
make -C ps7_cortexa9_0/libsrc/sdps_v3_7/src -s clean 
make -C ps7_cortexa9_0/libsrc/ServoControl_3_v1_0/src -s clean 
rm: lstat¡®*.o¡¯Ê§°Ü: Invalid argument
make[1]: *** [Makefile:26: clean] Error 1
make: *** [Makefile:33: ps7_cortexa9_0/libsrc/ServoControl_3_v1_0/src/make.clean] Error 2
make -C ps7_cortexa9_0/libsrc/standalone_v7_0/src -s clean 
make -C ps7_cortexa9_0/libsrc/uartps_v3_7/src -s clean 
make -C ps7_cortexa9_0/libsrc/usbps_v2_4/src -s clean 
make -C ps7_cortexa9_0/libsrc/xadcps_v2_3/src -s clean 
make: Target 'clean' not remade because of errors.
09:50:52 **** Build of project Matrix_DynamicSpot_bsp ****
make -k all 
"Running Make include in ps7_cortexa9_0/libsrc/coresightps_dcc_v1_5/src"
make -C ps7_cortexa9_0/libsrc/coresightps_dcc_v1_5/src -s include  "SHELL=CMD" "COMPILER=arm-none-eabi-gcc" "ARCHIVER=arm-none-eabi-ar" "COMPILER_FLAGS=  -O2 -c" "EXTRA_COMPILER_FLAGS=-mcpu=cortex-a9 -mfpu=vfpv3 -mfloat-abi=hard -nostartfiles -g -Wall -Wextra"
"Running Make include in ps7_cortexa9_0/libsrc/cpu_cortexa9_v2_7/src"
make -C ps7_cortexa9_0/libsrc/cpu_cortexa9_v2_7/src -s include  "SHELL=CMD" "COMPILER=arm-none-eabi-gcc" "ARCHIVER=arm-none-eabi-ar" "COMPILER_FLAGS=  -O2 -c" "EXTRA_COMPILER_FLAGS=-mcpu=cortex-a9 -mfpu=vfpv3 -mfloat-abi=hard -nostartfiles -g -Wall -Wextra"
"Running Make include in ps7_cortexa9_0/libsrc/ddrps_v1_0/src"
make -C ps7_cortexa9_0/libsrc/ddrps_v1_0/src -s include  "SHELL=CMD" "COMPILER=arm-none-eabi-gcc" "ARCHIVER=arm-none-eabi-ar" "COMPILER_FLAGS=  -O2 -c" "EXTRA_COMPILER_FLAGS=-mcpu=cortex-a9 -mfpu=vfpv3 -mfloat-abi=hard -nostartfiles -g -Wall -Wextra"
"Running Make include in ps7_cortexa9_0/libsrc/devcfg_v3_5/src"
make -C ps7_cortexa9_0/libsrc/devcfg_v3_5/src -s include  "SHELL=CMD" "COMPILER=arm-none-eabi-gcc" "ARCHIVER=arm-none-eabi-ar" "COMPILER_FLAGS=  -O2 -c" "EXTRA_COMPILER_FLAGS=-mcpu=cortex-a9 -mfpu=vfpv3 -mfloat-abi=hard -nostartfiles -g -Wall -Wextra"
"Running Make include in ps7_cortexa9_0/libsrc/dmaps_v2_4/src"
make -C ps7_cortexa9_0/libsrc/dmaps_v2_4/src -s include  "SHELL=CMD" "COMPILER=arm-none-eabi-gcc" "ARCHIVER=arm-none-eabi-ar" "COMPILER_FLAGS=  -O2 -c" "EXTRA_COMPILER_FLAGS=-mcpu=cortex-a9 -mfpu=vfpv3 -mfloat-abi=hard -nostartfiles -g -Wall -Wextra"
"Running Make include in ps7_cortexa9_0/libsrc/emacps_v3_9/src"
make -C ps7_cortexa9_0/libsrc/emacps_v3_9/src -s include  "SHELL=CMD" "COMPILER=arm-none-eabi-gcc" "ARCHIVER=arm-none-eabi-ar" "COMPILER_FLAGS=  -O2 -c" "EXTRA_COMPILER_FLAGS=-mcpu=cortex-a9 -mfpu=vfpv3 -mfloat-abi=hard -nostartfiles -g -Wall -Wextra"
"Running Make include in ps7_cortexa9_0/libsrc/gpiops_v3_5/src"
make -C ps7_cortexa9_0/libsrc/gpiops_v3_5/src -s include  "SHELL=CMD" "COMPILER=arm-none-eabi-gcc" "ARCHIVER=arm-none-eabi-ar" "COMPILER_FLAGS=  -O2 -c" "EXTRA_COMPILER_FLAGS=-mcpu=cortex-a9 -mfpu=vfpv3 -mfloat-abi=hard -nostartfiles -g -Wall -Wextra"
"Running Make include in ps7_cortexa9_0/libsrc/qspips_v3_6/src"
make -C ps7_cortexa9_0/libsrc/qspips_v3_6/src -s include  "SHELL=CMD" "COMPILER=arm-none-eabi-gcc" "ARCHIVER=arm-none-eabi-ar" "COMPILER_FLAGS=  -O2 -c" "EXTRA_COMPILER_FLAGS=-mcpu=cortex-a9 -mfpu=vfpv3 -mfloat-abi=hard -nostartfiles -g -Wall -Wextra"
"Running Make include in ps7_cortexa9_0/libsrc/scugic_v4_0/src"
make -C ps7_cortexa9_0/libsrc/scugic_v4_0/src -s include  "SHELL=CMD" "COMPILER=arm-none-eabi-gcc" "ARCHIVER=arm-none-eabi-ar" "COMPILER_FLAGS=  -O2 -c" "EXTRA_COMPILER_FLAGS=-mcpu=cortex-a9 -mfpu=vfpv3 -mfloat-abi=hard -nostartfiles -g -Wall -Wextra"
"Running Make include in ps7_cortexa9_0/libsrc/scutimer_v2_1/src"
make -C ps7_cortexa9_0/libsrc/scutimer_v2_1/src -s include  "SHELL=CMD" "COMPILER=arm-none-eabi-gcc" "ARCHIVER=arm-none-eabi-ar" "COMPILER_FLAGS=  -O2 -c" "EXTRA_COMPILER_FLAGS=-mcpu=cortex-a9 -mfpu=vfpv3 -mfloat-abi=hard -nostartfiles -g -Wall -Wextra"
"Running Make include in ps7_cortexa9_0/libsrc/scuwdt_v2_1/src"
make -C ps7_cortexa9_0/libsrc/scuwdt_v2_1/src -s include  "SHELL=CMD" "COMPILER=arm-none-eabi-gcc" "ARCHIVER=arm-none-eabi-ar" "COMPILER_FLAGS=  -O2 -c" "EXTRA_COMPILER_FLAGS=-mcpu=cortex-a9 -mfpu=vfpv3 -mfloat-abi=hard -nostartfiles -g -Wall -Wextra"
"Running Make include in ps7_cortexa9_0/libsrc/sdps_v3_7/src"
make -C ps7_cortexa9_0/libsrc/sdps_v3_7/src -s include  "SHELL=CMD" "COMPILER=arm-none-eabi-gcc" "ARCHIVER=arm-none-eabi-ar" "COMPILER_FLAGS=  -O2 -c" "EXTRA_COMPILER_FLAGS=-mcpu=cortex-a9 -mfpu=vfpv3 -mfloat-abi=hard -nostartfiles -g -Wall -Wextra"
"Running Make include in ps7_cortexa9_0/libsrc/ServoControl_3_v1_0/src"
make -C ps7_cortexa9_0/libsrc/ServoControl_3_v1_0/src -s include  "SHELL=CMD" "COMPILER=arm-none-eabi-gcc" "ARCHIVER=arm-none-eabi-ar" "COMPILER_FLAGS=  -O2 -c" "EXTRA_COMPILER_FLAGS=-mcpu=cortex-a9 -mfpu=vfpv3 -mfloat-abi=hard -nostartfiles -g -Wall -Wextra"
"Running Make include in ps7_cortexa9_0/libsrc/standalone_v7_0/src"
make -C ps7_cortexa9_0/libsrc/standalone_v7_0/src -s include  "SHELL=CMD" "COMPILER=arm-none-eabi-gcc" "ARCHIVER=arm-none-eabi-ar" "COMPILER_FLAGS=  -O2 -c" "EXTRA_COMPILER_FLAGS=-mcpu=cortex-a9 -mfpu=vfpv3 -mfloat-abi=hard -nostartfiles -g -Wall -Wextra"
"Running Make include in ps7_cortexa9_0/libsrc/uartps_v3_7/src"
make -C ps7_cortexa9_0/libsrc/uartps_v3_7/src -s include  "SHELL=CMD" "COMPILER=arm-none-eabi-gcc" "ARCHIVER=arm-none-eabi-ar" "COMPILER_FLAGS=  -O2 -c" "EXTRA_COMPILER_FLAGS=-mcpu=cortex-a9 -mfpu=vfpv3 -mfloat-abi=hard -nostartfiles -g -Wall -Wextra"
"Running Make include in ps7_cortexa9_0/libsrc/usbps_v2_4/src"
make -C ps7_cortexa9_0/libsrc/usbps_v2_4/src -s include  "SHELL=CMD" "COMPILER=arm-none-eabi-gcc" "ARCHIVER=arm-none-eabi-ar" "COMPILER_FLAGS=  -O2 -c" "EXTRA_COMPILER_FLAGS=-mcpu=cortex-a9 -mfpu=vfpv3 -mfloat-abi=hard -nostartfiles -g -Wall -Wextra"
"Running Make include in ps7_cortexa9_0/libsrc/xadcps_v2_3/src"
make -C ps7_cortexa9_0/libsrc/xadcps_v2_3/src -s include  "SHELL=CMD" "COMPILER=arm-none-eabi-gcc" "ARCHIVER=arm-none-eabi-ar" "COMPILER_FLAGS=  -O2 -c" "EXTRA_COMPILER_FLAGS=-mcpu=cortex-a9 -mfpu=vfpv3 -mfloat-abi=hard -nostartfiles -g -Wall -Wextra"
"Running Make libs in ps7_cortexa9_0/libsrc/coresightps_dcc_v1_5/src"
make -C ps7_cortexa9_0/libsrc/coresightps_dcc_v1_5/src -s libs  "SHELL=CMD" "COMPILER=arm-none-eabi-gcc" "ARCHIVER=arm-none-eabi-ar" "COMPILER_FLAGS=  -O2 -c" "EXTRA_COMPILER_FLAGS=-mcpu=cortex-a9 -mfpu=vfpv3 -mfloat-abi=hard -nostartfiles -g -Wall -Wextra"
"Compiling coresightps_dcc"
"Running Make libs in ps7_cortexa9_0/libsrc/cpu_cortexa9_v2_7/src"
make -C ps7_cortexa9_0/libsrc/cpu_cortexa9_v2_7/src -s libs  "SHELL=CMD" "COMPILER=arm-none-eabi-gcc" "ARCHIVER=arm-none-eabi-ar" "COMPILER_FLAGS=  -O2 -c" "EXTRA_COMPILER_FLAGS=-mcpu=cortex-a9 -mfpu=vfpv3 -mfloat-abi=hard -nostartfiles -g -Wall -Wextra"
"Compiling cpu_cortexa9"
"Running Make libs in ps7_cortexa9_0/libsrc/ddrps_v1_0/src"
make -C ps7_cortexa9_0/libsrc/ddrps_v1_0/src -s libs  "SHELL=CMD" "COMPILER=arm-none-eabi-gcc" "ARCHIVER=arm-none-eabi-ar" "COMPILER_FLAGS=  -O2 -c" "EXTRA_COMPILER_FLAGS=-mcpu=cortex-a9 -mfpu=vfpv3 -mfloat-abi=hard -nostartfiles -g -Wall -Wextra"
"Compiling ddrps"
"Running Make libs in ps7_cortexa9_0/libsrc/devcfg_v3_5/src"
make -C ps7_cortexa9_0/libsrc/devcfg_v3_5/src -s libs  "SHELL=CMD" "COMPILER=arm-none-eabi-gcc" "ARCHIVER=arm-none-eabi-ar" "COMPILER_FLAGS=  -O2 -c" "EXTRA_COMPILER_FLAGS=-mcpu=cortex-a9 -mfpu=vfpv3 -mfloat-abi=hard -nostartfiles -g -Wall -Wextra"
"Compiling devcfg"
"Running Make libs in ps7_cortexa9_0/libsrc/dmaps_v2_4/src"
make -C ps7_cortexa9_0/libsrc/dmaps_v2_4/src -s libs  "SHELL=CMD" "COMPILER=arm-none-eabi-gcc" "ARCHIVER=arm-none-eabi-ar" "COMPILER_FLAGS=  -O2 -c" "EXTRA_COMPILER_FLAGS=-mcpu=cortex-a9 -mfpu=vfpv3 -mfloat-abi=hard -nostartfiles -g -Wall -Wextra"
"Compiling dmaps"
"Running Make libs in ps7_cortexa9_0/libsrc/emacps_v3_9/src"
make -C ps7_cortexa9_0/libsrc/emacps_v3_9/src -s libs  "SHELL=CMD" "COMPILER=arm-none-eabi-gcc" "ARCHIVER=arm-none-eabi-ar" "COMPILER_FLAGS=  -O2 -c" "EXTRA_COMPILER_FLAGS=-mcpu=cortex-a9 -mfpu=vfpv3 -mfloat-abi=hard -nostartfiles -g -Wall -Wextra"
"Compiling emacps"
"Running Make libs in ps7_cortexa9_0/libsrc/gpiops_v3_5/src"
make -C ps7_cortexa9_0/libsrc/gpiops_v3_5/src -s libs  "SHELL=CMD" "COMPILER=arm-none-eabi-gcc" "ARCHIVER=arm-none-eabi-ar" "COMPILER_FLAGS=  -O2 -c" "EXTRA_COMPILER_FLAGS=-mcpu=cortex-a9 -mfpu=vfpv3 -mfloat-abi=hard -nostartfiles -g -Wall -Wextra"
"Compiling gpiops"
"Running Make libs in ps7_cortexa9_0/libsrc/qspips_v3_6/src"
make -C ps7_cortexa9_0/libsrc/qspips_v3_6/src -s libs  "SHELL=CMD" "COMPILER=arm-none-eabi-gcc" "ARCHIVER=arm-none-eabi-ar" "COMPILER_FLAGS=  -O2 -c" "EXTRA_COMPILER_FLAGS=-mcpu=cortex-a9 -mfpu=vfpv3 -mfloat-abi=hard -nostartfiles -g -Wall -Wextra"
"Compiling qspips"
"Running Make libs in ps7_cortexa9_0/libsrc/scugic_v4_0/src"
make -C ps7_cortexa9_0/libsrc/scugic_v4_0/src -s libs  "SHELL=CMD" "COMPILER=arm-none-eabi-gcc" "ARCHIVER=arm-none-eabi-ar" "COMPILER_FLAGS=  -O2 -c" "EXTRA_COMPILER_FLAGS=-mcpu=cortex-a9 -mfpu=vfpv3 -mfloat-abi=hard -nostartfiles -g -Wall -Wextra"
"Compiling scugic"
"Running Make libs in ps7_cortexa9_0/libsrc/scutimer_v2_1/src"
make -C ps7_cortexa9_0/libsrc/scutimer_v2_1/src -s libs  "SHELL=CMD" "COMPILER=arm-none-eabi-gcc" "ARCHIVER=arm-none-eabi-ar" "COMPILER_FLAGS=  -O2 -c" "EXTRA_COMPILER_FLAGS=-mcpu=cortex-a9 -mfpu=vfpv3 -mfloat-abi=hard -nostartfiles -g -Wall -Wextra"
"Compiling scutimer"
"Running Make libs in ps7_cortexa9_0/libsrc/scuwdt_v2_1/src"
make -C ps7_cortexa9_0/libsrc/scuwdt_v2_1/src -s libs  "SHELL=CMD" "COMPILER=arm-none-eabi-gcc" "ARCHIVER=arm-none-eabi-ar" "COMPILER_FLAGS=  -O2 -c" "EXTRA_COMPILER_FLAGS=-mcpu=cortex-a9 -mfpu=vfpv3 -mfloat-abi=hard -nostartfiles -g -Wall -Wextra"
"Compiling scuwdt"
"Running Make libs in ps7_cortexa9_0/libsrc/sdps_v3_7/src"
make -C ps7_cortexa9_0/libsrc/sdps_v3_7/src -s libs  "SHELL=CMD" "COMPILER=arm-none-eabi-gcc" "ARCHIVER=arm-none-eabi-ar" "COMPILER_FLAGS=  -O2 -c" "EXTRA_COMPILER_FLAGS=-mcpu=cortex-a9 -mfpu=vfpv3 -mfloat-abi=hard -nostartfiles -g -Wall -Wextra"
"Compiling sdps"
"Running Make libs in ps7_cortexa9_0/libsrc/ServoControl_3_v1_0/src"
make -C ps7_cortexa9_0/libsrc/ServoControl_3_v1_0/src -s libs  "SHELL=CMD" "COMPILER=arm-none-eabi-gcc" "ARCHIVER=arm-none-eabi-ar" "COMPILER_FLAGS=  -O2 -c" "EXTRA_COMPILER_FLAGS=-mcpu=cortex-a9 -mfpu=vfpv3 -mfloat-abi=hard -nostartfiles -g -Wall -Wextra"
"Compiling ServoControl_3..."
ServoControl_3_selftest.c: In function 'SERVOCONTROL_3_Reg_SelfTest':
ServoControl_3_selftest.c:52:63: warning: comparison of integer expressions of different signedness: 'u32' {aka 'long unsigned int'} and 'int' [-Wsign-compare]
    if ( SERVOCONTROL_3_mReadReg (baseaddr, read_loop_index*4) != (read_loop_index+1)*READ_WRITE_MUL_FACTOR){
                                                               ^~
ServoControl_3_selftest.c:36:6: warning: unused variable 'Index' [-Wunused-variable]
  int Index;
      ^~~~~
"Running Make libs in ps7_cortexa9_0/libsrc/standalone_v7_0/src"
make -C ps7_cortexa9_0/libsrc/standalone_v7_0/src -s libs  "SHELL=CMD" "COMPILER=arm-none-eabi-gcc" "ARCHIVER=arm-none-eabi-ar" "COMPILER_FLAGS=  -O2 -c" "EXTRA_COMPILER_FLAGS=-mcpu=cortex-a9 -mfpu=vfpv3 -mfloat-abi=hard -nostartfiles -g -Wall -Wextra"
"Compiling standalone"
In file included from usleep.c:56:
xtime_l.h:87:9: note: #pragma message: For the sleep routines, Global timer is being used
 #pragma message ("For the sleep routines, Global timer is being used")
         ^~~~~~~
In file included from xil_sleeptimer.c:51:
xtime_l.h:87:9: note: #pragma message: For the sleep routines, Global timer is being used
 #pragma message ("For the sleep routines, Global timer is being used")
         ^~~~~~~
In file included from xtime_l.c:49:
xtime_l.h:87:9: note: #pragma message: For the sleep routines, Global timer is being used
 #pragma message ("For the sleep routines, Global timer is being used")
         ^~~~~~~
In file included from sleep.c:53:
xtime_l.h:87:9: note: #pragma message: For the sleep routines, Global timer is being used
 #pragma message ("For the sleep routines, Global timer is being used")
         ^~~~~~~
"Running Make libs in ps7_cortexa9_0/libsrc/uartps_v3_7/src"
make -C ps7_cortexa9_0/libsrc/uartps_v3_7/src -s libs  "SHELL=CMD" "COMPILER=arm-none-eabi-gcc" "ARCHIVER=arm-none-eabi-ar" "COMPILER_FLAGS=  -O2 -c" "EXTRA_COMPILER_FLAGS=-mcpu=cortex-a9 -mfpu=vfpv3 -mfloat-abi=hard -nostartfiles -g -Wall -Wextra"
"Compiling uartps"
"Running Make libs in ps7_cortexa9_0/libsrc/usbps_v2_4/src"
make -C ps7_cortexa9_0/libsrc/usbps_v2_4/src -s libs  "SHELL=CMD" "COMPILER=arm-none-eabi-gcc" "ARCHIVER=arm-none-eabi-ar" "COMPILER_FLAGS=  -O2 -c" "EXTRA_COMPILER_FLAGS=-mcpu=cortex-a9 -mfpu=vfpv3 -mfloat-abi=hard -nostartfiles -g -Wall -Wextra"
"Compiling usbps"
"Running Make libs in ps7_cortexa9_0/libsrc/xadcps_v2_3/src"
make -C ps7_cortexa9_0/libsrc/xadcps_v2_3/src -s libs  "SHELL=CMD" "COMPILER=arm-none-eabi-gcc" "ARCHIVER=arm-none-eabi-ar" "COMPILER_FLAGS=  -O2 -c" "EXTRA_COMPILER_FLAGS=-mcpu=cortex-a9 -mfpu=vfpv3 -mfloat-abi=hard -nostartfiles -g -Wall -Wextra"
"Compiling xadcps"
'Finished building libraries'
09:52:42 **** Build of configuration Debug for project Matrix_DynamicSpot ****
make pre-build main-build 
a9-linaro-pre-build-step
' '
'Building file: ../src/helloworld.c'
'Invoking: ARM v7 gcc compiler'
arm-none-eabi-gcc -Wall -O0 -g3 -c -fmessage-length=0 -MT"src/helloworld.o" -mcpu=cortex-a9 -mfpu=vfpv3 -mfloat-abi=hard -I../../Matrix_DynamicSpot_bsp/ps7_cortexa9_0/include -MMD -MP -MF"src/helloworld.d" -MT"src/helloworld.o" -o "src/helloworld.o" "../src/helloworld.c"
../src/helloworld.c:40: warning: "UART_DEVICE_ID" redefined
 #define UART_DEVICE_ID      XPAR_XUARTPS_0_DEVICE_ID
 
In file included from ../src/platform.h:36,
                 from ../src/helloworld.c:14:
../src/platform_config.h:5: note: this is the location of the previous definition
 #define UART_DEVICE_ID 0
 
../src/helloworld.c: In function 'main':
../src/helloworld.c:175:8: warning: unused variable 'datastr' [-Wunused-variable]
     u8 datastr[128];
        ^~~~~~~
../src/helloworld.c:174:11: warning: unused variable 'vccaux' [-Wunused-variable]
     float vccaux;
           ^~~~~~
../src/helloworld.c:173:11: warning: unused variable 'vccint' [-Wunused-variable]
     float vccint;
           ^~~~~~
../src/helloworld.c:172:11: warning: unused variable 'Temp' [-Wunused-variable]
     float Temp;
           ^~~~
../src/helloworld.c:171:9: warning: unused variable 'raw_data' [-Wunused-variable]
     u16 raw_data;
         ^~~~~~~~
../src/helloworld.c:169:16: warning: unused variable 'LED2Enable' [-Wunused-variable]
  u8 LED1Enable,LED2Enable;
                ^~~~~~~~~~
../src/helloworld.c:169:5: warning: unused variable 'LED1Enable' [-Wunused-variable]
  u8 LED1Enable,LED2Enable;
     ^~~~~~~~~~
../src/helloworld.c:168:6: warning: unused variable 'MouseCoordiY' [-Wunused-variable]
  int MouseCoordiY;  // To save Mouse coordinate.
      ^~~~~~~~~~~~
../src/helloworld.c:167:6: warning: unused variable 'MouseCoordiX' [-Wunused-variable]
  int MouseCoordiX;  // To save Mouse coordinate.
      ^~~~~~~~~~~~
../src/helloworld.c:165:6: warning: unused variable 'Last_OpticCoordiY' [-Wunused-variable]
  int Last_OpticCoordiY;  // To save Last Optic center coordinate.
      ^~~~~~~~~~~~~~~~~
../src/helloworld.c:164:6: warning: unused variable 'OpticCoordiY' [-Wunused-variable]
  int OpticCoordiY;  // To save Optic center coordinate.
      ^~~~~~~~~~~~
../src/helloworld.c:162:6: warning: unused variable 'Last_OpticCoordiX' [-Wunused-variable]
  int Last_OpticCoordiX;
      ^~~~~~~~~~~~~~~~~
../src/helloworld.c:161:6: warning: unused variable 'OpticCoordiX' [-Wunused-variable]
  int OpticCoordiX;  // To save Optic center coordinate.
      ^~~~~~~~~~~~
../src/helloworld.c:121:5: warning: unused variable 'state' [-Wunused-variable]
  u8 state = UART_RXCHECK;                // Received the data first default.
     ^~~~~
../src/helloworld.c:120:6: warning: unused variable 'SendBufferPtr' [-Wunused-variable]
  u8 *SendBufferPtr;
      ^~~~~~~~~~~~~
../src/helloworld.c:119:6: warning: unused variable 'SendByteNum' [-Wunused-variable]
  u32 SendByteNum;
      ^~~~~~~~~~~
../src/helloworld.c: In function 'Axisfunction':
../src/helloworld.c:513:9: warning: function returns address of local variable [-Wreturn-local-addr]
  return arr_output;
         ^~~~~~~~~~
'Finished building: ../src/helloworld.c'
' '
'Building file: ../src/platform.c'
'Invoking: ARM v7 gcc compiler'
arm-none-eabi-gcc -Wall -O0 -g3 -c -fmessage-length=0 -MT"src/platform.o" -mcpu=cortex-a9 -mfpu=vfpv3 -mfloat-abi=hard -I../../Matrix_DynamicSpot_bsp/ps7_cortexa9_0/include -MMD -MP -MF"src/platform.d" -MT"src/platform.o" -o "src/platform.o" "../src/platform.c"
'Finished building: ../src/platform.c'
' '
'Building target: Matrix_DynamicSpot.elf'
'Invoking: ARM v7 gcc linker'
arm-none-eabi-gcc -mcpu=cortex-a9 -mfpu=vfpv3 -mfloat-abi=hard -Wl,-build-id=none -specs=Xilinx.spec -Wl,-T -Wl,../src/lscript.ld -L../../Matrix_DynamicSpot_bsp/ps7_cortexa9_0/lib -o "Matrix_DynamicSpot.elf"  ./src/helloworld.o ./src/platform.o   -lm -Wl,--start-group,-lxil,-lgcc,-lc,--end-group
'Finished building target: Matrix_DynamicSpot.elf'
' '
'Invoking: ARM v7 Print Size'
arm-none-eabi-size Matrix_DynamicSpot.elf  |tee "Matrix_DynamicSpot.elf.size"
   text	   data	    bss	    dec	    hex	filename
  48888	   1984	  22936	  73808	  12050	Matrix_DynamicSpot.elf
'Finished building: Matrix_DynamicSpot.elf.size'
' '
09:52:47 **** Incremental Build of configuration Debug for project Matrix_DynamicSpot ****
make pre-build main-build 
a9-linaro-pre-build-step
' '
make: Nothing to be done for 'main-build'.
09:54:43 **** Incremental Build of configuration Debug for project Matrix_DynamicSpot ****
make pre-build main-build 
a9-linaro-pre-build-step
' '
make: Nothing to be done for 'main-build'.
09:55:36 **** Incremental Build of configuration Debug for project Matrix_DynamicSpot ****
make pre-build main-build 
a9-linaro-pre-build-step
' '
make: Nothing to be done for 'main-build'.
09:57:23 **** Incremental Build of configuration Debug for project Matrix_DynamicSpot ****
make pre-build main-build 
a9-linaro-pre-build-step
' '
make: Nothing to be done for 'main-build'.
09:59:22 **** Auto Build of configuration Debug for project Matrix_DynamicSpot ****
make pre-build main-build 
a9-linaro-pre-build-step
' '
'Building file: ../src/helloworld.c'
'Invoking: ARM v7 gcc compiler'
arm-none-eabi-gcc -Wall -O0 -g3 -c -fmessage-length=0 -MT"src/helloworld.o" -mcpu=cortex-a9 -mfpu=vfpv3 -mfloat-abi=hard -I../../Matrix_DynamicSpot_bsp/ps7_cortexa9_0/include -MMD -MP -MF"src/helloworld.d" -MT"src/helloworld.o" -o "src/helloworld.o" "../src/helloworld.c"
../src/helloworld.c:40: warning: "UART_DEVICE_ID" redefined
 #define UART_DEVICE_ID      XPAR_XUARTPS_0_DEVICE_ID
 
In file included from ../src/platform.h:36,
                 from ../src/helloworld.c:14:
../src/platform_config.h:5: note: this is the location of the previous definition
 #define UART_DEVICE_ID 0
 
../src/helloworld.c: In function 'main':
../src/helloworld.c:175:8: warning: unused variable 'datastr' [-Wunused-variable]
     u8 datastr[128];
        ^~~~~~~
../src/helloworld.c:174:11: warning: unused variable 'vccaux' [-Wunused-variable]
     float vccaux;
           ^~~~~~
../src/helloworld.c:173:11: warning: unused variable 'vccint' [-Wunused-variable]
     float vccint;
           ^~~~~~
../src/helloworld.c:172:11: warning: unused variable 'Temp' [-Wunused-variable]
     float Temp;
           ^~~~
../src/helloworld.c:171:9: warning: unused variable 'raw_data' [-Wunused-variable]
     u16 raw_data;
         ^~~~~~~~
../src/helloworld.c:169:16: warning: unused variable 'LED2Enable' [-Wunused-variable]
  u8 LED1Enable,LED2Enable;
                ^~~~~~~~~~
../src/helloworld.c:169:5: warning: unused variable 'LED1Enable' [-Wunused-variable]
  u8 LED1Enable,LED2Enable;
     ^~~~~~~~~~
../src/helloworld.c:168:6: warning: unused variable 'MouseCoordiY' [-Wunused-variable]
  int MouseCoordiY;  // To save Mouse coordinate.
      ^~~~~~~~~~~~
../src/helloworld.c:167:6: warning: unused variable 'MouseCoordiX' [-Wunused-variable]
  int MouseCoordiX;  // To save Mouse coordinate.
      ^~~~~~~~~~~~
../src/helloworld.c:165:6: warning: unused variable 'Last_OpticCoordiY' [-Wunused-variable]
  int Last_OpticCoordiY;  // To save Last Optic center coordinate.
      ^~~~~~~~~~~~~~~~~
../src/helloworld.c:164:6: warning: unused variable 'OpticCoordiY' [-Wunused-variable]
  int OpticCoordiY;  // To save Optic center coordinate.
      ^~~~~~~~~~~~
../src/helloworld.c:162:6: warning: unused variable 'Last_OpticCoordiX' [-Wunused-variable]
  int Last_OpticCoordiX;
      ^~~~~~~~~~~~~~~~~
../src/helloworld.c:161:6: warning: unused variable 'OpticCoordiX' [-Wunused-variable]
  int OpticCoordiX;  // To save Optic center coordinate.
      ^~~~~~~~~~~~
../src/helloworld.c:121:5: warning: unused variable 'state' [-Wunused-variable]
  u8 state = UART_RXCHECK;                // Received the data first default.
     ^~~~~
../src/helloworld.c:120:6: warning: unused variable 'SendBufferPtr' [-Wunused-variable]
  u8 *SendBufferPtr;
      ^~~~~~~~~~~~~
../src/helloworld.c:119:6: warning: unused variable 'SendByteNum' [-Wunused-variable]
  u32 SendByteNum;
      ^~~~~~~~~~~
../src/helloworld.c: In function 'Axisfunction':
../src/helloworld.c:513:9: warning: function returns address of local variable [-Wreturn-local-addr]
  return arr_output;
         ^~~~~~~~~~
'Finished building: ../src/helloworld.c'
' '
'Building target: Matrix_DynamicSpot.elf'
'Invoking: ARM v7 gcc linker'
arm-none-eabi-gcc -mcpu=cortex-a9 -mfpu=vfpv3 -mfloat-abi=hard -Wl,-build-id=none -specs=Xilinx.spec -Wl,-T -Wl,../src/lscript.ld -L../../Matrix_DynamicSpot_bsp/ps7_cortexa9_0/lib -o "Matrix_DynamicSpot.elf"  ./src/helloworld.o ./src/platform.o   -lm -Wl,--start-group,-lxil,-lgcc,-lc,--end-group
'Finished building target: Matrix_DynamicSpot.elf'
' '
'Invoking: ARM v7 Print Size'
arm-none-eabi-size Matrix_DynamicSpot.elf  |tee "Matrix_DynamicSpot.elf.size"
   text	   data	    bss	    dec	    hex	filename
  48888	   1984	  22936	  73808	  12050	Matrix_DynamicSpot.elf
'Finished building: Matrix_DynamicSpot.elf.size'
' '
09:59:28 **** Incremental Build of configuration Debug for project Matrix_DynamicSpot ****
make pre-build main-build 
a9-linaro-pre-build-step
' '
make: Nothing to be done for 'main-build'.
10:00:35 **** Auto Build of configuration Debug for project Matrix_DynamicSpot ****
make pre-build main-build 
a9-linaro-pre-build-step
' '
'Building file: ../src/helloworld.c'
'Invoking: ARM v7 gcc compiler'
arm-none-eabi-gcc -Wall -O0 -g3 -c -fmessage-length=0 -MT"src/helloworld.o" -mcpu=cortex-a9 -mfpu=vfpv3 -mfloat-abi=hard -I../../Matrix_DynamicSpot_bsp/ps7_cortexa9_0/include -MMD -MP -MF"src/helloworld.d" -MT"src/helloworld.o" -o "src/helloworld.o" "../src/helloworld.c"
../src/helloworld.c:40: warning: "UART_DEVICE_ID" redefined
 #define UART_DEVICE_ID      XPAR_XUARTPS_0_DEVICE_ID
 
In file included from ../src/platform.h:36,
                 from ../src/helloworld.c:14:
../src/platform_config.h:5: note: this is the location of the previous definition
 #define UART_DEVICE_ID 0
 
../src/helloworld.c: In function 'main':
../src/helloworld.c:175:8: warning: unused variable 'datastr' [-Wunused-variable]
     u8 datastr[128];
        ^~~~~~~
../src/helloworld.c:174:11: warning: unused variable 'vccaux' [-Wunused-variable]
     float vccaux;
           ^~~~~~
../src/helloworld.c:173:11: warning: unused variable 'vccint' [-Wunused-variable]
     float vccint;
           ^~~~~~
../src/helloworld.c:172:11: warning: unused variable 'Temp' [-Wunused-variable]
     float Temp;
           ^~~~
../src/helloworld.c:171:9: warning: unused variable 'raw_data' [-Wunused-variable]
     u16 raw_data;
         ^~~~~~~~
../src/helloworld.c:169:16: warning: unused variable 'LED2Enable' [-Wunused-variable]
  u8 LED1Enable,LED2Enable;
                ^~~~~~~~~~
../src/helloworld.c:169:5: warning: unused variable 'LED1Enable' [-Wunused-variable]
  u8 LED1Enable,LED2Enable;
     ^~~~~~~~~~
../src/helloworld.c:168:6: warning: unused variable 'MouseCoordiY' [-Wunused-variable]
  int MouseCoordiY;  // To save Mouse coordinate.
      ^~~~~~~~~~~~
../src/helloworld.c:167:6: warning: unused variable 'MouseCoordiX' [-Wunused-variable]
  int MouseCoordiX;  // To save Mouse coordinate.
      ^~~~~~~~~~~~
../src/helloworld.c:165:6: warning: unused variable 'Last_OpticCoordiY' [-Wunused-variable]
  int Last_OpticCoordiY;  // To save Last Optic center coordinate.
      ^~~~~~~~~~~~~~~~~
../src/helloworld.c:164:6: warning: unused variable 'OpticCoordiY' [-Wunused-variable]
  int OpticCoordiY;  // To save Optic center coordinate.
      ^~~~~~~~~~~~
../src/helloworld.c:162:6: warning: unused variable 'Last_OpticCoordiX' [-Wunused-variable]
  int Last_OpticCoordiX;
      ^~~~~~~~~~~~~~~~~
../src/helloworld.c:161:6: warning: unused variable 'OpticCoordiX' [-Wunused-variable]
  int OpticCoordiX;  // To save Optic center coordinate.
      ^~~~~~~~~~~~
../src/helloworld.c:121:5: warning: unused variable 'state' [-Wunused-variable]
  u8 state = UART_RXCHECK;                // Received the data first default.
     ^~~~~
../src/helloworld.c:120:6: warning: unused variable 'SendBufferPtr' [-Wunused-variable]
  u8 *SendBufferPtr;
      ^~~~~~~~~~~~~
../src/helloworld.c:119:6: warning: unused variable 'SendByteNum' [-Wunused-variable]
  u32 SendByteNum;
      ^~~~~~~~~~~
../src/helloworld.c: In function 'Axisfunction':
../src/helloworld.c:513:9: warning: function returns address of local variable [-Wreturn-local-addr]
  return arr_output;
         ^~~~~~~~~~
'Finished building: ../src/helloworld.c'
' '
'Building target: Matrix_DynamicSpot.elf'
'Invoking: ARM v7 gcc linker'
arm-none-eabi-gcc -mcpu=cortex-a9 -mfpu=vfpv3 -mfloat-abi=hard -Wl,-build-id=none -specs=Xilinx.spec -Wl,-T -Wl,../src/lscript.ld -L../../Matrix_DynamicSpot_bsp/ps7_cortexa9_0/lib -o "Matrix_DynamicSpot.elf"  ./src/helloworld.o ./src/platform.o   -lm -Wl,--start-group,-lxil,-lgcc,-lc,--end-group
'Finished building target: Matrix_DynamicSpot.elf'
' '
'Invoking: ARM v7 Print Size'
arm-none-eabi-size Matrix_DynamicSpot.elf  |tee "Matrix_DynamicSpot.elf.size"
   text	   data	    bss	    dec	    hex	filename
  48888	   1984	  22936	  73808	  12050	Matrix_DynamicSpot.elf
'Finished building: Matrix_DynamicSpot.elf.size'
' '
10:00:40 **** Incremental Build of configuration Debug for project Matrix_DynamicSpot ****
make pre-build main-build 
a9-linaro-pre-build-step
' '
make: Nothing to be done for 'main-build'.
10:03:46 **** Auto Build of configuration Debug for project Matrix_DynamicSpot ****
make pre-build main-build 
a9-linaro-pre-build-step
' '
'Building file: ../src/helloworld.c'
'Invoking: ARM v7 gcc compiler'
arm-none-eabi-gcc -Wall -O0 -g3 -c -fmessage-length=0 -MT"src/helloworld.o" -mcpu=cortex-a9 -mfpu=vfpv3 -mfloat-abi=hard -I../../Matrix_DynamicSpot_bsp/ps7_cortexa9_0/include -MMD -MP -MF"src/helloworld.d" -MT"src/helloworld.o" -o "src/helloworld.o" "../src/helloworld.c"
../src/helloworld.c:40: warning: "UART_DEVICE_ID" redefined
 #define UART_DEVICE_ID      XPAR_XUARTPS_0_DEVICE_ID
 
In file included from ../src/platform.h:36,
                 from ../src/helloworld.c:14:
../src/platform_config.h:5: note: this is the location of the previous definition
 #define UART_DEVICE_ID 0
 
../src/helloworld.c: In function 'main':
../src/helloworld.c:175:8: warning: unused variable 'datastr' [-Wunused-variable]
     u8 datastr[128];
        ^~~~~~~
../src/helloworld.c:174:11: warning: unused variable 'vccaux' [-Wunused-variable]
     float vccaux;
           ^~~~~~
../src/helloworld.c:173:11: warning: unused variable 'vccint' [-Wunused-variable]
     float vccint;
           ^~~~~~
../src/helloworld.c:172:11: warning: unused variable 'Temp' [-Wunused-variable]
     float Temp;
           ^~~~
../src/helloworld.c:171:9: warning: unused variable 'raw_data' [-Wunused-variable]
     u16 raw_data;
         ^~~~~~~~
../src/helloworld.c:169:16: warning: unused variable 'LED2Enable' [-Wunused-variable]
  u8 LED1Enable,LED2Enable;
                ^~~~~~~~~~
../src/helloworld.c:169:5: warning: unused variable 'LED1Enable' [-Wunused-variable]
  u8 LED1Enable,LED2Enable;
     ^~~~~~~~~~
../src/helloworld.c:168:6: warning: unused variable 'MouseCoordiY' [-Wunused-variable]
  int MouseCoordiY;  // To save Mouse coordinate.
      ^~~~~~~~~~~~
../src/helloworld.c:167:6: warning: unused variable 'MouseCoordiX' [-Wunused-variable]
  int MouseCoordiX;  // To save Mouse coordinate.
      ^~~~~~~~~~~~
../src/helloworld.c:165:6: warning: unused variable 'Last_OpticCoordiY' [-Wunused-variable]
  int Last_OpticCoordiY;  // To save Last Optic center coordinate.
      ^~~~~~~~~~~~~~~~~
../src/helloworld.c:164:6: warning: unused variable 'OpticCoordiY' [-Wunused-variable]
  int OpticCoordiY;  // To save Optic center coordinate.
      ^~~~~~~~~~~~
../src/helloworld.c:162:6: warning: unused variable 'Last_OpticCoordiX' [-Wunused-variable]
  int Last_OpticCoordiX;
      ^~~~~~~~~~~~~~~~~
../src/helloworld.c:161:6: warning: unused variable 'OpticCoordiX' [-Wunused-variable]
  int OpticCoordiX;  // To save Optic center coordinate.
      ^~~~~~~~~~~~
../src/helloworld.c:121:5: warning: unused variable 'state' [-Wunused-variable]
  u8 state = UART_RXCHECK;                // Received the data first default.
     ^~~~~
../src/helloworld.c:120:6: warning: unused variable 'SendBufferPtr' [-Wunused-variable]
  u8 *SendBufferPtr;
      ^~~~~~~~~~~~~
../src/helloworld.c:119:6: warning: unused variable 'SendByteNum' [-Wunused-variable]
  u32 SendByteNum;
      ^~~~~~~~~~~
../src/helloworld.c: In function 'Axisfunction':
../src/helloworld.c:513:9: warning: function returns address of local variable [-Wreturn-local-addr]
  return arr_output;
         ^~~~~~~~~~
'Finished building: ../src/helloworld.c'
' '
'Building target: Matrix_DynamicSpot.elf'
'Invoking: ARM v7 gcc linker'
arm-none-eabi-gcc -mcpu=cortex-a9 -mfpu=vfpv3 -mfloat-abi=hard -Wl,-build-id=none -specs=Xilinx.spec -Wl,-T -Wl,../src/lscript.ld -L../../Matrix_DynamicSpot_bsp/ps7_cortexa9_0/lib -o "Matrix_DynamicSpot.elf"  ./src/helloworld.o ./src/platform.o   -lm -Wl,--start-group,-lxil,-lgcc,-lc,--end-group
'Finished building target: Matrix_DynamicSpot.elf'
' '
'Invoking: ARM v7 Print Size'
arm-none-eabi-size Matrix_DynamicSpot.elf  |tee "Matrix_DynamicSpot.elf.size"
   text	   data	    bss	    dec	    hex	filename
  48888	   1984	  22936	  73808	  12050	Matrix_DynamicSpot.elf
'Finished building: Matrix_DynamicSpot.elf.size'
' '
10:03:55 **** Incremental Build of configuration Debug for project Matrix_DynamicSpot ****
make pre-build main-build 
a9-linaro-pre-build-step
' '
make: Nothing to be done for 'main-build'.
10:04:51 **** Auto Build of configuration Debug for project Matrix_DynamicSpot ****
make pre-build main-build 
a9-linaro-pre-build-step
' '
'Building file: ../src/helloworld.c'
'Invoking: ARM v7 gcc compiler'
arm-none-eabi-gcc -Wall -O0 -g3 -c -fmessage-length=0 -MT"src/helloworld.o" -mcpu=cortex-a9 -mfpu=vfpv3 -mfloat-abi=hard -I../../Matrix_DynamicSpot_bsp/ps7_cortexa9_0/include -MMD -MP -MF"src/helloworld.d" -MT"src/helloworld.o" -o "src/helloworld.o" "../src/helloworld.c"
../src/helloworld.c:40: warning: "UART_DEVICE_ID" redefined
 #define UART_DEVICE_ID      XPAR_XUARTPS_0_DEVICE_ID
 
In file included from ../src/platform.h:36,
                 from ../src/helloworld.c:14:
../src/platform_config.h:5: note: this is the location of the previous definition
 #define UART_DEVICE_ID 0
 
../src/helloworld.c: In function 'main':
../src/helloworld.c:175:8: warning: unused variable 'datastr' [-Wunused-variable]
     u8 datastr[128];
        ^~~~~~~
../src/helloworld.c:174:11: warning: unused variable 'vccaux' [-Wunused-variable]
     float vccaux;
           ^~~~~~
../src/helloworld.c:173:11: warning: unused variable 'vccint' [-Wunused-variable]
     float vccint;
           ^~~~~~
../src/helloworld.c:172:11: warning: unused variable 'Temp' [-Wunused-variable]
     float Temp;
           ^~~~
../src/helloworld.c:171:9: warning: unused variable 'raw_data' [-Wunused-variable]
     u16 raw_data;
         ^~~~~~~~
../src/helloworld.c:169:16: warning: unused variable 'LED2Enable' [-Wunused-variable]
  u8 LED1Enable,LED2Enable;
                ^~~~~~~~~~
../src/helloworld.c:169:5: warning: unused variable 'LED1Enable' [-Wunused-variable]
  u8 LED1Enable,LED2Enable;
     ^~~~~~~~~~
../src/helloworld.c:168:6: warning: unused variable 'MouseCoordiY' [-Wunused-variable]
  int MouseCoordiY;  // To save Mouse coordinate.
      ^~~~~~~~~~~~
../src/helloworld.c:167:6: warning: unused variable 'MouseCoordiX' [-Wunused-variable]
  int MouseCoordiX;  // To save Mouse coordinate.
      ^~~~~~~~~~~~
../src/helloworld.c:165:6: warning: unused variable 'Last_OpticCoordiY' [-Wunused-variable]
  int Last_OpticCoordiY;  // To save Last Optic center coordinate.
      ^~~~~~~~~~~~~~~~~
../src/helloworld.c:164:6: warning: unused variable 'OpticCoordiY' [-Wunused-variable]
  int OpticCoordiY;  // To save Optic center coordinate.
      ^~~~~~~~~~~~
../src/helloworld.c:162:6: warning: unused variable 'Last_OpticCoordiX' [-Wunused-variable]
  int Last_OpticCoordiX;
      ^~~~~~~~~~~~~~~~~
../src/helloworld.c:161:6: warning: unused variable 'OpticCoordiX' [-Wunused-variable]
  int OpticCoordiX;  // To save Optic center coordinate.
      ^~~~~~~~~~~~
../src/helloworld.c:121:5: warning: unused variable 'state' [-Wunused-variable]
  u8 state = UART_RXCHECK;                // Received the data first default.
     ^~~~~
../src/helloworld.c:120:6: warning: unused variable 'SendBufferPtr' [-Wunused-variable]
  u8 *SendBufferPtr;
      ^~~~~~~~~~~~~
../src/helloworld.c:119:6: warning: unused variable 'SendByteNum' [-Wunused-variable]
  u32 SendByteNum;
      ^~~~~~~~~~~
../src/helloworld.c: In function 'Axisfunction':
../src/helloworld.c:513:9: warning: function returns address of local variable [-Wreturn-local-addr]
  return arr_output;
         ^~~~~~~~~~
'Finished building: ../src/helloworld.c'
' '
'Building target: Matrix_DynamicSpot.elf'
'Invoking: ARM v7 gcc linker'
arm-none-eabi-gcc -mcpu=cortex-a9 -mfpu=vfpv3 -mfloat-abi=hard -Wl,-build-id=none -specs=Xilinx.spec -Wl,-T -Wl,../src/lscript.ld -L../../Matrix_DynamicSpot_bsp/ps7_cortexa9_0/lib -o "Matrix_DynamicSpot.elf"  ./src/helloworld.o ./src/platform.o   -lm -Wl,--start-group,-lxil,-lgcc,-lc,--end-group
'Finished building target: Matrix_DynamicSpot.elf'
' '
'Invoking: ARM v7 Print Size'
arm-none-eabi-size Matrix_DynamicSpot.elf  |tee "Matrix_DynamicSpot.elf.size"
   text	   data	    bss	    dec	    hex	filename
  48888	   1984	  22936	  73808	  12050	Matrix_DynamicSpot.elf
'Finished building: Matrix_DynamicSpot.elf.size'
' '
10:04:57 **** Incremental Build of configuration Debug for project Matrix_DynamicSpot ****
make pre-build main-build 
a9-linaro-pre-build-step
' '
make: Nothing to be done for 'main-build'.
10:05:52 **** Auto Build of configuration Debug for project Matrix_DynamicSpot ****
make pre-build main-build 
a9-linaro-pre-build-step
' '
'Building file: ../src/helloworld.c'
'Invoking: ARM v7 gcc compiler'
arm-none-eabi-gcc -Wall -O0 -g3 -c -fmessage-length=0 -MT"src/helloworld.o" -mcpu=cortex-a9 -mfpu=vfpv3 -mfloat-abi=hard -I../../Matrix_DynamicSpot_bsp/ps7_cortexa9_0/include -MMD -MP -MF"src/helloworld.d" -MT"src/helloworld.o" -o "src/helloworld.o" "../src/helloworld.c"
../src/helloworld.c:40: warning: "UART_DEVICE_ID" redefined
 #define UART_DEVICE_ID      XPAR_XUARTPS_0_DEVICE_ID
 
In file included from ../src/platform.h:36,
                 from ../src/helloworld.c:14:
../src/platform_config.h:5: note: this is the location of the previous definition
 #define UART_DEVICE_ID 0
 
../src/helloworld.c: In function 'main':
../src/helloworld.c:175:8: warning: unused variable 'datastr' [-Wunused-variable]
     u8 datastr[128];
        ^~~~~~~
../src/helloworld.c:174:11: warning: unused variable 'vccaux' [-Wunused-variable]
     float vccaux;
           ^~~~~~
../src/helloworld.c:173:11: warning: unused variable 'vccint' [-Wunused-variable]
     float vccint;
           ^~~~~~
../src/helloworld.c:172:11: warning: unused variable 'Temp' [-Wunused-variable]
     float Temp;
           ^~~~
../src/helloworld.c:171:9: warning: unused variable 'raw_data' [-Wunused-variable]
     u16 raw_data;
         ^~~~~~~~
../src/helloworld.c:169:16: warning: unused variable 'LED2Enable' [-Wunused-variable]
  u8 LED1Enable,LED2Enable;
                ^~~~~~~~~~
../src/helloworld.c:169:5: warning: unused variable 'LED1Enable' [-Wunused-variable]
  u8 LED1Enable,LED2Enable;
     ^~~~~~~~~~
../src/helloworld.c:168:6: warning: unused variable 'MouseCoordiY' [-Wunused-variable]
  int MouseCoordiY;  // To save Mouse coordinate.
      ^~~~~~~~~~~~
../src/helloworld.c:167:6: warning: unused variable 'MouseCoordiX' [-Wunused-variable]
  int MouseCoordiX;  // To save Mouse coordinate.
      ^~~~~~~~~~~~
../src/helloworld.c:165:6: warning: unused variable 'Last_OpticCoordiY' [-Wunused-variable]
  int Last_OpticCoordiY;  // To save Last Optic center coordinate.
      ^~~~~~~~~~~~~~~~~
../src/helloworld.c:164:6: warning: unused variable 'OpticCoordiY' [-Wunused-variable]
  int OpticCoordiY;  // To save Optic center coordinate.
      ^~~~~~~~~~~~
../src/helloworld.c:162:6: warning: unused variable 'Last_OpticCoordiX' [-Wunused-variable]
  int Last_OpticCoordiX;
      ^~~~~~~~~~~~~~~~~
../src/helloworld.c:161:6: warning: unused variable 'OpticCoordiX' [-Wunused-variable]
  int OpticCoordiX;  // To save Optic center coordinate.
      ^~~~~~~~~~~~
../src/helloworld.c:121:5: warning: unused variable 'state' [-Wunused-variable]
  u8 state = UART_RXCHECK;                // Received the data first default.
     ^~~~~
../src/helloworld.c:120:6: warning: unused variable 'SendBufferPtr' [-Wunused-variable]
  u8 *SendBufferPtr;
      ^~~~~~~~~~~~~
../src/helloworld.c:119:6: warning: unused variable 'SendByteNum' [-Wunused-variable]
  u32 SendByteNum;
      ^~~~~~~~~~~
../src/helloworld.c: In function 'Axisfunction':
../src/helloworld.c:513:9: warning: function returns address of local variable [-Wreturn-local-addr]
  return arr_output;
         ^~~~~~~~~~
'Finished building: ../src/helloworld.c'
' '
'Building target: Matrix_DynamicSpot.elf'
'Invoking: ARM v7 gcc linker'
arm-none-eabi-gcc -mcpu=cortex-a9 -mfpu=vfpv3 -mfloat-abi=hard -Wl,-build-id=none -specs=Xilinx.spec -Wl,-T -Wl,../src/lscript.ld -L../../Matrix_DynamicSpot_bsp/ps7_cortexa9_0/lib -o "Matrix_DynamicSpot.elf"  ./src/helloworld.o ./src/platform.o   -lm -Wl,--start-group,-lxil,-lgcc,-lc,--end-group
'Finished building target: Matrix_DynamicSpot.elf'
' '
'Invoking: ARM v7 Print Size'
arm-none-eabi-size Matrix_DynamicSpot.elf  |tee "Matrix_DynamicSpot.elf.size"
   text	   data	    bss	    dec	    hex	filename
  48888	   1984	  22936	  73808	  12050	Matrix_DynamicSpot.elf
'Finished building: Matrix_DynamicSpot.elf.size'
' '
10:06:02 **** Incremental Build of configuration Debug for project Matrix_DynamicSpot ****
make pre-build main-build 
a9-linaro-pre-build-step
' '
make: Nothing to be done for 'main-build'.
10:11:18 **** Auto Build of configuration Debug for project Matrix_DynamicSpot ****
make pre-build main-build 
a9-linaro-pre-build-step
' '
'Building file: ../src/helloworld.c'
'Invoking: ARM v7 gcc compiler'
arm-none-eabi-gcc -Wall -O0 -g3 -c -fmessage-length=0 -MT"src/helloworld.o" -mcpu=cortex-a9 -mfpu=vfpv3 -mfloat-abi=hard -I../../Matrix_DynamicSpot_bsp/ps7_cortexa9_0/include -MMD -MP -MF"src/helloworld.d" -MT"src/helloworld.o" -o "src/helloworld.o" "../src/helloworld.c"
../src/helloworld.c:40: warning: "UART_DEVICE_ID" redefined
 #define UART_DEVICE_ID      XPAR_XUARTPS_0_DEVICE_ID
 
In file included from ../src/platform.h:36,
                 from ../src/helloworld.c:14:
../src/platform_config.h:5: note: this is the location of the previous definition
 #define UART_DEVICE_ID 0
 
../src/helloworld.c: In function 'main':
../src/helloworld.c:175:8: warning: unused variable 'datastr' [-Wunused-variable]
     u8 datastr[128];
        ^~~~~~~
../src/helloworld.c:174:11: warning: unused variable 'vccaux' [-Wunused-variable]
     float vccaux;
           ^~~~~~
../src/helloworld.c:173:11: warning: unused variable 'vccint' [-Wunused-variable]
     float vccint;
           ^~~~~~
../src/helloworld.c:172:11: warning: unused variable 'Temp' [-Wunused-variable]
     float Temp;
           ^~~~
../src/helloworld.c:171:9: warning: unused variable 'raw_data' [-Wunused-variable]
     u16 raw_data;
         ^~~~~~~~
../src/helloworld.c:169:16: warning: unused variable 'LED2Enable' [-Wunused-variable]
  u8 LED1Enable,LED2Enable;
                ^~~~~~~~~~
../src/helloworld.c:169:5: warning: unused variable 'LED1Enable' [-Wunused-variable]
  u8 LED1Enable,LED2Enable;
     ^~~~~~~~~~
../src/helloworld.c:168:6: warning: unused variable 'MouseCoordiY' [-Wunused-variable]
  int MouseCoordiY;  // To save Mouse coordinate.
      ^~~~~~~~~~~~
../src/helloworld.c:167:6: warning: unused variable 'MouseCoordiX' [-Wunused-variable]
  int MouseCoordiX;  // To save Mouse coordinate.
      ^~~~~~~~~~~~
../src/helloworld.c:165:6: warning: unused variable 'Last_OpticCoordiY' [-Wunused-variable]
  int Last_OpticCoordiY;  // To save Last Optic center coordinate.
      ^~~~~~~~~~~~~~~~~
../src/helloworld.c:164:6: warning: unused variable 'OpticCoordiY' [-Wunused-variable]
  int OpticCoordiY;  // To save Optic center coordinate.
      ^~~~~~~~~~~~
../src/helloworld.c:162:6: warning: unused variable 'Last_OpticCoordiX' [-Wunused-variable]
  int Last_OpticCoordiX;
      ^~~~~~~~~~~~~~~~~
../src/helloworld.c:161:6: warning: unused variable 'OpticCoordiX' [-Wunused-variable]
  int OpticCoordiX;  // To save Optic center coordinate.
      ^~~~~~~~~~~~
../src/helloworld.c:121:5: warning: unused variable 'state' [-Wunused-variable]
  u8 state = UART_RXCHECK;                // Received the data first default.
     ^~~~~
../src/helloworld.c:120:6: warning: unused variable 'SendBufferPtr' [-Wunused-variable]
  u8 *SendBufferPtr;
      ^~~~~~~~~~~~~
../src/helloworld.c:119:6: warning: unused variable 'SendByteNum' [-Wunused-variable]
  u32 SendByteNum;
      ^~~~~~~~~~~
../src/helloworld.c: In function 'Axisfunction':
../src/helloworld.c:513:9: warning: function returns address of local variable [-Wreturn-local-addr]
  return arr_output;
         ^~~~~~~~~~
'Finished building: ../src/helloworld.c'
' '
'Building target: Matrix_DynamicSpot.elf'
'Invoking: ARM v7 gcc linker'
arm-none-eabi-gcc -mcpu=cortex-a9 -mfpu=vfpv3 -mfloat-abi=hard -Wl,-build-id=none -specs=Xilinx.spec -Wl,-T -Wl,../src/lscript.ld -L../../Matrix_DynamicSpot_bsp/ps7_cortexa9_0/lib -o "Matrix_DynamicSpot.elf"  ./src/helloworld.o ./src/platform.o   -lm -Wl,--start-group,-lxil,-lgcc,-lc,--end-group
'Finished building target: Matrix_DynamicSpot.elf'
' '
'Invoking: ARM v7 Print Size'
arm-none-eabi-size Matrix_DynamicSpot.elf  |tee "Matrix_DynamicSpot.elf.size"
   text	   data	    bss	    dec	    hex	filename
  48888	   1984	  22936	  73808	  12050	Matrix_DynamicSpot.elf
'Finished building: Matrix_DynamicSpot.elf.size'
' '
10:11:23 **** Incremental Build of configuration Debug for project Matrix_DynamicSpot ****
make pre-build main-build 
a9-linaro-pre-build-step
' '
make: Nothing to be done for 'main-build'.
10:11:59 **** Auto Build of configuration Debug for project Matrix_DynamicSpot ****
make pre-build main-build 
a9-linaro-pre-build-step
' '
'Building file: ../src/helloworld.c'
'Invoking: ARM v7 gcc compiler'
arm-none-eabi-gcc -Wall -O0 -g3 -c -fmessage-length=0 -MT"src/helloworld.o" -mcpu=cortex-a9 -mfpu=vfpv3 -mfloat-abi=hard -I../../Matrix_DynamicSpot_bsp/ps7_cortexa9_0/include -MMD -MP -MF"src/helloworld.d" -MT"src/helloworld.o" -o "src/helloworld.o" "../src/helloworld.c"
../src/helloworld.c:40: warning: "UART_DEVICE_ID" redefined
 #define UART_DEVICE_ID      XPAR_XUARTPS_0_DEVICE_ID
 
In file included from ../src/platform.h:36,
                 from ../src/helloworld.c:14:
../src/platform_config.h:5: note: this is the location of the previous definition
 #define UART_DEVICE_ID 0
 
../src/helloworld.c: In function 'main':
../src/helloworld.c:175:8: warning: unused variable 'datastr' [-Wunused-variable]
     u8 datastr[128];
        ^~~~~~~
../src/helloworld.c:174:11: warning: unused variable 'vccaux' [-Wunused-variable]
     float vccaux;
           ^~~~~~
../src/helloworld.c:173:11: warning: unused variable 'vccint' [-Wunused-variable]
     float vccint;
           ^~~~~~
../src/helloworld.c:172:11: warning: unused variable 'Temp' [-Wunused-variable]
     float Temp;
           ^~~~
../src/helloworld.c:171:9: warning: unused variable 'raw_data' [-Wunused-variable]
     u16 raw_data;
         ^~~~~~~~
../src/helloworld.c:169:16: warning: unused variable 'LED2Enable' [-Wunused-variable]
  u8 LED1Enable,LED2Enable;
                ^~~~~~~~~~
../src/helloworld.c:169:5: warning: unused variable 'LED1Enable' [-Wunused-variable]
  u8 LED1Enable,LED2Enable;
     ^~~~~~~~~~
../src/helloworld.c:168:6: warning: unused variable 'MouseCoordiY' [-Wunused-variable]
  int MouseCoordiY;  // To save Mouse coordinate.
      ^~~~~~~~~~~~
../src/helloworld.c:167:6: warning: unused variable 'MouseCoordiX' [-Wunused-variable]
  int MouseCoordiX;  // To save Mouse coordinate.
      ^~~~~~~~~~~~
../src/helloworld.c:165:6: warning: unused variable 'Last_OpticCoordiY' [-Wunused-variable]
  int Last_OpticCoordiY;  // To save Last Optic center coordinate.
      ^~~~~~~~~~~~~~~~~
../src/helloworld.c:164:6: warning: unused variable 'OpticCoordiY' [-Wunused-variable]
  int OpticCoordiY;  // To save Optic center coordinate.
      ^~~~~~~~~~~~
../src/helloworld.c:162:6: warning: unused variable 'Last_OpticCoordiX' [-Wunused-variable]
  int Last_OpticCoordiX;
      ^~~~~~~~~~~~~~~~~
../src/helloworld.c:161:6: warning: unused variable 'OpticCoordiX' [-Wunused-variable]
  int OpticCoordiX;  // To save Optic center coordinate.
      ^~~~~~~~~~~~
../src/helloworld.c:121:5: warning: unused variable 'state' [-Wunused-variable]
  u8 state = UART_RXCHECK;                // Received the data first default.
     ^~~~~
../src/helloworld.c:120:6: warning: unused variable 'SendBufferPtr' [-Wunused-variable]
  u8 *SendBufferPtr;
      ^~~~~~~~~~~~~
../src/helloworld.c:119:6: warning: unused variable 'SendByteNum' [-Wunused-variable]
  u32 SendByteNum;
      ^~~~~~~~~~~
../src/helloworld.c: In function 'Axisfunction':
../src/helloworld.c:513:9: warning: function returns address of local variable [-Wreturn-local-addr]
  return arr_output;
         ^~~~~~~~~~
'Finished building: ../src/helloworld.c'
' '
'Building target: Matrix_DynamicSpot.elf'
'Invoking: ARM v7 gcc linker'
arm-none-eabi-gcc -mcpu=cortex-a9 -mfpu=vfpv3 -mfloat-abi=hard -Wl,-build-id=none -specs=Xilinx.spec -Wl,-T -Wl,../src/lscript.ld -L../../Matrix_DynamicSpot_bsp/ps7_cortexa9_0/lib -o "Matrix_DynamicSpot.elf"  ./src/helloworld.o ./src/platform.o   -lm -Wl,--start-group,-lxil,-lgcc,-lc,--end-group
'Finished building target: Matrix_DynamicSpot.elf'
' '
'Invoking: ARM v7 Print Size'
arm-none-eabi-size Matrix_DynamicSpot.elf  |tee "Matrix_DynamicSpot.elf.size"
   text	   data	    bss	    dec	    hex	filename
  48888	   1984	  22936	  73808	  12050	Matrix_DynamicSpot.elf
'Finished building: Matrix_DynamicSpot.elf.size'
' '
10:12:05 **** Incremental Build of configuration Debug for project Matrix_DynamicSpot ****
make pre-build main-build 
a9-linaro-pre-build-step
' '
make: Nothing to be done for 'main-build'.
10:12:36 **** Auto Build of configuration Debug for project Matrix_DynamicSpot ****
make pre-build main-build 
a9-linaro-pre-build-step
' '
'Building file: ../src/helloworld.c'
'Invoking: ARM v7 gcc compiler'
arm-none-eabi-gcc -Wall -O0 -g3 -c -fmessage-length=0 -MT"src/helloworld.o" -mcpu=cortex-a9 -mfpu=vfpv3 -mfloat-abi=hard -I../../Matrix_DynamicSpot_bsp/ps7_cortexa9_0/include -MMD -MP -MF"src/helloworld.d" -MT"src/helloworld.o" -o "src/helloworld.o" "../src/helloworld.c"
../src/helloworld.c:40: warning: "UART_DEVICE_ID" redefined
 #define UART_DEVICE_ID      XPAR_XUARTPS_0_DEVICE_ID
 
In file included from ../src/platform.h:36,
                 from ../src/helloworld.c:14:
../src/platform_config.h:5: note: this is the location of the previous definition
 #define UART_DEVICE_ID 0
 
../src/helloworld.c: In function 'main':
../src/helloworld.c:175:8: warning: unused variable 'datastr' [-Wunused-variable]
     u8 datastr[128];
        ^~~~~~~
../src/helloworld.c:174:11: warning: unused variable 'vccaux' [-Wunused-variable]
     float vccaux;
           ^~~~~~
../src/helloworld.c:173:11: warning: unused variable 'vccint' [-Wunused-variable]
     float vccint;
           ^~~~~~
../src/helloworld.c:172:11: warning: unused variable 'Temp' [-Wunused-variable]
     float Temp;
           ^~~~
../src/helloworld.c:171:9: warning: unused variable 'raw_data' [-Wunused-variable]
     u16 raw_data;
         ^~~~~~~~
../src/helloworld.c:169:16: warning: unused variable 'LED2Enable' [-Wunused-variable]
  u8 LED1Enable,LED2Enable;
                ^~~~~~~~~~
../src/helloworld.c:169:5: warning: unused variable 'LED1Enable' [-Wunused-variable]
  u8 LED1Enable,LED2Enable;
     ^~~~~~~~~~
../src/helloworld.c:168:6: warning: unused variable 'MouseCoordiY' [-Wunused-variable]
  int MouseCoordiY;  // To save Mouse coordinate.
      ^~~~~~~~~~~~
../src/helloworld.c:167:6: warning: unused variable 'MouseCoordiX' [-Wunused-variable]
  int MouseCoordiX;  // To save Mouse coordinate.
      ^~~~~~~~~~~~
../src/helloworld.c:165:6: warning: unused variable 'Last_OpticCoordiY' [-Wunused-variable]
  int Last_OpticCoordiY;  // To save Last Optic center coordinate.
      ^~~~~~~~~~~~~~~~~
../src/helloworld.c:164:6: warning: unused variable 'OpticCoordiY' [-Wunused-variable]
  int OpticCoordiY;  // To save Optic center coordinate.
      ^~~~~~~~~~~~
../src/helloworld.c:162:6: warning: unused variable 'Last_OpticCoordiX' [-Wunused-variable]
  int Last_OpticCoordiX;
      ^~~~~~~~~~~~~~~~~
../src/helloworld.c:161:6: warning: unused variable 'OpticCoordiX' [-Wunused-variable]
  int OpticCoordiX;  // To save Optic center coordinate.
      ^~~~~~~~~~~~
../src/helloworld.c:121:5: warning: unused variable 'state' [-Wunused-variable]
  u8 state = UART_RXCHECK;                // Received the data first default.
     ^~~~~
../src/helloworld.c:120:6: warning: unused variable 'SendBufferPtr' [-Wunused-variable]
  u8 *SendBufferPtr;
      ^~~~~~~~~~~~~
../src/helloworld.c:119:6: warning: unused variable 'SendByteNum' [-Wunused-variable]
  u32 SendByteNum;
      ^~~~~~~~~~~
../src/helloworld.c: In function 'Axisfunction':
../src/helloworld.c:513:9: warning: function returns address of local variable [-Wreturn-local-addr]
  return arr_output;
         ^~~~~~~~~~
'Finished building: ../src/helloworld.c'
' '
'Building target: Matrix_DynamicSpot.elf'
'Invoking: ARM v7 gcc linker'
arm-none-eabi-gcc -mcpu=cortex-a9 -mfpu=vfpv3 -mfloat-abi=hard -Wl,-build-id=none -specs=Xilinx.spec -Wl,-T -Wl,../src/lscript.ld -L../../Matrix_DynamicSpot_bsp/ps7_cortexa9_0/lib -o "Matrix_DynamicSpot.elf"  ./src/helloworld.o ./src/platform.o   -lm -Wl,--start-group,-lxil,-lgcc,-lc,--end-group
'Finished building target: Matrix_DynamicSpot.elf'
' '
'Invoking: ARM v7 Print Size'
arm-none-eabi-size Matrix_DynamicSpot.elf  |tee "Matrix_DynamicSpot.elf.size"
   text	   data	    bss	    dec	    hex	filename
  48888	   1984	  22936	  73808	  12050	Matrix_DynamicSpot.elf
'Finished building: Matrix_DynamicSpot.elf.size'
' '
10:12:42 **** Incremental Build of configuration Debug for project Matrix_DynamicSpot ****
make pre-build main-build 
a9-linaro-pre-build-step
' '
make: Nothing to be done for 'main-build'.
10:13:33 **** Incremental Build of configuration Debug for project Matrix_DynamicSpot ****
make pre-build main-build 
a9-linaro-pre-build-step
' '
'Building file: ../src/helloworld.c'
'Invoking: ARM v7 gcc compiler'
arm-none-eabi-gcc -Wall -O0 -g3 -c -fmessage-length=0 -MT"src/helloworld.o" -mcpu=cortex-a9 -mfpu=vfpv3 -mfloat-abi=hard -I../../Matrix_DynamicSpot_bsp/ps7_cortexa9_0/include -MMD -MP -MF"src/helloworld.d" -MT"src/helloworld.o" -o "src/helloworld.o" "../src/helloworld.c"
../src/helloworld.c:40: warning: "UART_DEVICE_ID" redefined
 #define UART_DEVICE_ID      XPAR_XUARTPS_0_DEVICE_ID
 
In file included from ../src/platform.h:36,
                 from ../src/helloworld.c:14:
../src/platform_config.h:5: note: this is the location of the previous definition
 #define UART_DEVICE_ID 0
 
../src/helloworld.c: In function 'main':
../src/helloworld.c:175:8: warning: unused variable 'datastr' [-Wunused-variable]
     u8 datastr[128];
        ^~~~~~~
../src/helloworld.c:174:11: warning: unused variable 'vccaux' [-Wunused-variable]
     float vccaux;
           ^~~~~~
../src/helloworld.c:173:11: warning: unused variable 'vccint' [-Wunused-variable]
     float vccint;
           ^~~~~~
../src/helloworld.c:172:11: warning: unused variable 'Temp' [-Wunused-variable]
     float Temp;
           ^~~~
../src/helloworld.c:171:9: warning: unused variable 'raw_data' [-Wunused-variable]
     u16 raw_data;
         ^~~~~~~~
../src/helloworld.c:169:16: warning: unused variable 'LED2Enable' [-Wunused-variable]
  u8 LED1Enable,LED2Enable;
                ^~~~~~~~~~
../src/helloworld.c:169:5: warning: unused variable 'LED1Enable' [-Wunused-variable]
  u8 LED1Enable,LED2Enable;
     ^~~~~~~~~~
../src/helloworld.c:168:6: warning: unused variable 'MouseCoordiY' [-Wunused-variable]
  int MouseCoordiY;  // To save Mouse coordinate.
      ^~~~~~~~~~~~
../src/helloworld.c:167:6: warning: unused variable 'MouseCoordiX' [-Wunused-variable]
  int MouseCoordiX;  // To save Mouse coordinate.
      ^~~~~~~~~~~~
../src/helloworld.c:165:6: warning: unused variable 'Last_OpticCoordiY' [-Wunused-variable]
  int Last_OpticCoordiY;  // To save Last Optic center coordinate.
      ^~~~~~~~~~~~~~~~~
../src/helloworld.c:164:6: warning: unused variable 'OpticCoordiY' [-Wunused-variable]
  int OpticCoordiY;  // To save Optic center coordinate.
      ^~~~~~~~~~~~
../src/helloworld.c:162:6: warning: unused variable 'Last_OpticCoordiX' [-Wunused-variable]
  int Last_OpticCoordiX;
      ^~~~~~~~~~~~~~~~~
../src/helloworld.c:161:6: warning: unused variable 'OpticCoordiX' [-Wunused-variable]
  int OpticCoordiX;  // To save Optic center coordinate.
      ^~~~~~~~~~~~
../src/helloworld.c:121:5: warning: unused variable 'state' [-Wunused-variable]
  u8 state = UART_RXCHECK;                // Received the data first default.
     ^~~~~
../src/helloworld.c:120:6: warning: unused variable 'SendBufferPtr' [-Wunused-variable]
  u8 *SendBufferPtr;
      ^~~~~~~~~~~~~
../src/helloworld.c:119:6: warning: unused variable 'SendByteNum' [-Wunused-variable]
  u32 SendByteNum;
      ^~~~~~~~~~~
../src/helloworld.c: In function 'Axisfunction':
../src/helloworld.c:513:9: warning: function returns address of local variable [-Wreturn-local-addr]
  return arr_output;
         ^~~~~~~~~~
'Finished building: ../src/helloworld.c'
' '
'Building target: Matrix_DynamicSpot.elf'
'Invoking: ARM v7 gcc linker'
arm-none-eabi-gcc -mcpu=cortex-a9 -mfpu=vfpv3 -mfloat-abi=hard -Wl,-build-id=none -specs=Xilinx.spec -Wl,-T -Wl,../src/lscript.ld -L../../Matrix_DynamicSpot_bsp/ps7_cortexa9_0/lib -o "Matrix_DynamicSpot.elf"  ./src/helloworld.o ./src/platform.o   -lm -Wl,--start-group,-lxil,-lgcc,-lc,--end-group
'Finished building target: Matrix_DynamicSpot.elf'
' '
'Invoking: ARM v7 Print Size'
arm-none-eabi-size Matrix_DynamicSpot.elf  |tee "Matrix_DynamicSpot.elf.size"
   text	   data	    bss	    dec	    hex	filename
  48888	   1984	  22936	  73808	  12050	Matrix_DynamicSpot.elf
'Finished building: Matrix_DynamicSpot.elf.size'
' '
10:22:08 **** Auto Build of configuration Debug for project Matrix_DynamicSpot ****
make pre-build main-build 
a9-linaro-pre-build-step
' '
'Building file: ../src/helloworld.c'
'Invoking: ARM v7 gcc compiler'
arm-none-eabi-gcc -Wall -O0 -g3 -c -fmessage-length=0 -MT"src/helloworld.o" -mcpu=cortex-a9 -mfpu=vfpv3 -mfloat-abi=hard -I../../Matrix_DynamicSpot_bsp/ps7_cortexa9_0/include -MMD -MP -MF"src/helloworld.d" -MT"src/helloworld.o" -o "src/helloworld.o" "../src/helloworld.c"
../src/helloworld.c:40: warning: "UART_DEVICE_ID" redefined
 #define UART_DEVICE_ID      XPAR_XUARTPS_0_DEVICE_ID
 
In file included from ../src/platform.h:36,
                 from ../src/helloworld.c:14:
../src/platform_config.h:5: note: this is the location of the previous definition
 #define UART_DEVICE_ID 0
 
../src/helloworld.c: In function 'main':
../src/helloworld.c:175:8: warning: unused variable 'datastr' [-Wunused-variable]
     u8 datastr[128];
        ^~~~~~~
../src/helloworld.c:174:11: warning: unused variable 'vccaux' [-Wunused-variable]
     float vccaux;
           ^~~~~~
../src/helloworld.c:173:11: warning: unused variable 'vccint' [-Wunused-variable]
     float vccint;
           ^~~~~~
../src/helloworld.c:172:11: warning: unused variable 'Temp' [-Wunused-variable]
     float Temp;
           ^~~~
../src/helloworld.c:171:9: warning: unused variable 'raw_data' [-Wunused-variable]
     u16 raw_data;
         ^~~~~~~~
../src/helloworld.c:169:16: warning: unused variable 'LED2Enable' [-Wunused-variable]
  u8 LED1Enable,LED2Enable;
                ^~~~~~~~~~
../src/helloworld.c:169:5: warning: unused variable 'LED1Enable' [-Wunused-variable]
  u8 LED1Enable,LED2Enable;
     ^~~~~~~~~~
../src/helloworld.c:168:6: warning: unused variable 'MouseCoordiY' [-Wunused-variable]
  int MouseCoordiY;  // To save Mouse coordinate.
      ^~~~~~~~~~~~
../src/helloworld.c:167:6: warning: unused variable 'MouseCoordiX' [-Wunused-variable]
  int MouseCoordiX;  // To save Mouse coordinate.
      ^~~~~~~~~~~~
../src/helloworld.c:165:6: warning: unused variable 'Last_OpticCoordiY' [-Wunused-variable]
  int Last_OpticCoordiY;  // To save Last Optic center coordinate.
      ^~~~~~~~~~~~~~~~~
../src/helloworld.c:164:6: warning: unused variable 'OpticCoordiY' [-Wunused-variable]
  int OpticCoordiY;  // To save Optic center coordinate.
      ^~~~~~~~~~~~
../src/helloworld.c:162:6: warning: unused variable 'Last_OpticCoordiX' [-Wunused-variable]
  int Last_OpticCoordiX;
      ^~~~~~~~~~~~~~~~~
../src/helloworld.c:161:6: warning: unused variable 'OpticCoordiX' [-Wunused-variable]
  int OpticCoordiX;  // To save Optic center coordinate.
      ^~~~~~~~~~~~
../src/helloworld.c:121:5: warning: unused variable 'state' [-Wunused-variable]
  u8 state = UART_RXCHECK;                // Received the data first default.
     ^~~~~
../src/helloworld.c:120:6: warning: unused variable 'SendBufferPtr' [-Wunused-variable]
  u8 *SendBufferPtr;
      ^~~~~~~~~~~~~
../src/helloworld.c:119:6: warning: unused variable 'SendByteNum' [-Wunused-variable]
  u32 SendByteNum;
      ^~~~~~~~~~~
../src/helloworld.c: In function 'Axisfunction':
../src/helloworld.c:513:9: warning: function returns address of local variable [-Wreturn-local-addr]
  return arr_output;
         ^~~~~~~~~~
'Finished building: ../src/helloworld.c'
' '
'Building target: Matrix_DynamicSpot.elf'
'Invoking: ARM v7 gcc linker'
arm-none-eabi-gcc -mcpu=cortex-a9 -mfpu=vfpv3 -mfloat-abi=hard -Wl,-build-id=none -specs=Xilinx.spec -Wl,-T -Wl,../src/lscript.ld -L../../Matrix_DynamicSpot_bsp/ps7_cortexa9_0/lib -o "Matrix_DynamicSpot.elf"  ./src/helloworld.o ./src/platform.o   -lm -Wl,--start-group,-lxil,-lgcc,-lc,--end-group
'Finished building target: Matrix_DynamicSpot.elf'
' '
'Invoking: ARM v7 Print Size'
arm-none-eabi-size Matrix_DynamicSpot.elf  |tee "Matrix_DynamicSpot.elf.size"
   text	   data	    bss	    dec	    hex	filename
  48888	   1984	  22936	  73808	  12050	Matrix_DynamicSpot.elf
'Finished building: Matrix_DynamicSpot.elf.size'
' '
10:22:13 **** Incremental Build of configuration Debug for project Matrix_DynamicSpot ****
make pre-build main-build 
a9-linaro-pre-build-step
' '
make: Nothing to be done for 'main-build'.
10:22:42 **** Auto Build of configuration Debug for project Matrix_DynamicSpot ****
make pre-build main-build 
a9-linaro-pre-build-step
' '
'Building file: ../src/helloworld.c'
'Invoking: ARM v7 gcc compiler'
arm-none-eabi-gcc -Wall -O0 -g3 -c -fmessage-length=0 -MT"src/helloworld.o" -mcpu=cortex-a9 -mfpu=vfpv3 -mfloat-abi=hard -I../../Matrix_DynamicSpot_bsp/ps7_cortexa9_0/include -MMD -MP -MF"src/helloworld.d" -MT"src/helloworld.o" -o "src/helloworld.o" "../src/helloworld.c"
../src/helloworld.c:40: warning: "UART_DEVICE_ID" redefined
 #define UART_DEVICE_ID      XPAR_XUARTPS_0_DEVICE_ID
 
In file included from ../src/platform.h:36,
                 from ../src/helloworld.c:14:
../src/platform_config.h:5: note: this is the location of the previous definition
 #define UART_DEVICE_ID 0
 
../src/helloworld.c: In function 'main':
../src/helloworld.c:175:8: warning: unused variable 'datastr' [-Wunused-variable]
     u8 datastr[128];
        ^~~~~~~
../src/helloworld.c:174:11: warning: unused variable 'vccaux' [-Wunused-variable]
     float vccaux;
           ^~~~~~
../src/helloworld.c:173:11: warning: unused variable 'vccint' [-Wunused-variable]
     float vccint;
           ^~~~~~
../src/helloworld.c:172:11: warning: unused variable 'Temp' [-Wunused-variable]
     float Temp;
           ^~~~
../src/helloworld.c:171:9: warning: unused variable 'raw_data' [-Wunused-variable]
     u16 raw_data;
         ^~~~~~~~
../src/helloworld.c:169:16: warning: unused variable 'LED2Enable' [-Wunused-variable]
  u8 LED1Enable,LED2Enable;
                ^~~~~~~~~~
../src/helloworld.c:169:5: warning: unused variable 'LED1Enable' [-Wunused-variable]
  u8 LED1Enable,LED2Enable;
     ^~~~~~~~~~
../src/helloworld.c:168:6: warning: unused variable 'MouseCoordiY' [-Wunused-variable]
  int MouseCoordiY;  // To save Mouse coordinate.
      ^~~~~~~~~~~~
../src/helloworld.c:167:6: warning: unused variable 'MouseCoordiX' [-Wunused-variable]
  int MouseCoordiX;  // To save Mouse coordinate.
      ^~~~~~~~~~~~
../src/helloworld.c:165:6: warning: unused variable 'Last_OpticCoordiY' [-Wunused-variable]
  int Last_OpticCoordiY;  // To save Last Optic center coordinate.
      ^~~~~~~~~~~~~~~~~
../src/helloworld.c:164:6: warning: unused variable 'OpticCoordiY' [-Wunused-variable]
  int OpticCoordiY;  // To save Optic center coordinate.
      ^~~~~~~~~~~~
../src/helloworld.c:162:6: warning: unused variable 'Last_OpticCoordiX' [-Wunused-variable]
  int Last_OpticCoordiX;
      ^~~~~~~~~~~~~~~~~
../src/helloworld.c:161:6: warning: unused variable 'OpticCoordiX' [-Wunused-variable]
  int OpticCoordiX;  // To save Optic center coordinate.
      ^~~~~~~~~~~~
../src/helloworld.c:121:5: warning: unused variable 'state' [-Wunused-variable]
  u8 state = UART_RXCHECK;                // Received the data first default.
     ^~~~~
../src/helloworld.c:120:6: warning: unused variable 'SendBufferPtr' [-Wunused-variable]
  u8 *SendBufferPtr;
      ^~~~~~~~~~~~~
../src/helloworld.c:119:6: warning: unused variable 'SendByteNum' [-Wunused-variable]
  u32 SendByteNum;
      ^~~~~~~~~~~
../src/helloworld.c: In function 'Axisfunction':
../src/helloworld.c:513:9: warning: function returns address of local variable [-Wreturn-local-addr]
  return arr_output;
         ^~~~~~~~~~
'Finished building: ../src/helloworld.c'
' '
'Building target: Matrix_DynamicSpot.elf'
'Invoking: ARM v7 gcc linker'
arm-none-eabi-gcc -mcpu=cortex-a9 -mfpu=vfpv3 -mfloat-abi=hard -Wl,-build-id=none -specs=Xilinx.spec -Wl,-T -Wl,../src/lscript.ld -L../../Matrix_DynamicSpot_bsp/ps7_cortexa9_0/lib -o "Matrix_DynamicSpot.elf"  ./src/helloworld.o ./src/platform.o   -lm -Wl,--start-group,-lxil,-lgcc,-lc,--end-group
'Finished building target: Matrix_DynamicSpot.elf'
' '
'Invoking: ARM v7 Print Size'
arm-none-eabi-size Matrix_DynamicSpot.elf  |tee "Matrix_DynamicSpot.elf.size"
   text	   data	    bss	    dec	    hex	filename
  48888	   1984	  22936	  73808	  12050	Matrix_DynamicSpot.elf
'Finished building: Matrix_DynamicSpot.elf.size'
' '
10:22:47 **** Incremental Build of configuration Debug for project Matrix_DynamicSpot ****
make pre-build main-build 
a9-linaro-pre-build-step
' '
make: Nothing to be done for 'main-build'.
10:23:23 **** Auto Build of configuration Debug for project Matrix_DynamicSpot ****
make pre-build main-build 
a9-linaro-pre-build-step
' '
'Building file: ../src/helloworld.c'
'Invoking: ARM v7 gcc compiler'
arm-none-eabi-gcc -Wall -O0 -g3 -c -fmessage-length=0 -MT"src/helloworld.o" -mcpu=cortex-a9 -mfpu=vfpv3 -mfloat-abi=hard -I../../Matrix_DynamicSpot_bsp/ps7_cortexa9_0/include -MMD -MP -MF"src/helloworld.d" -MT"src/helloworld.o" -o "src/helloworld.o" "../src/helloworld.c"
../src/helloworld.c:40: warning: "UART_DEVICE_ID" redefined
 #define UART_DEVICE_ID      XPAR_XUARTPS_0_DEVICE_ID
 
In file included from ../src/platform.h:36,
                 from ../src/helloworld.c:14:
../src/platform_config.h:5: note: this is the location of the previous definition
 #define UART_DEVICE_ID 0
 
../src/helloworld.c: In function 'main':
../src/helloworld.c:175:8: warning: unused variable 'datastr' [-Wunused-variable]
     u8 datastr[128];
        ^~~~~~~
../src/helloworld.c:174:11: warning: unused variable 'vccaux' [-Wunused-variable]
     float vccaux;
           ^~~~~~
../src/helloworld.c:173:11: warning: unused variable 'vccint' [-Wunused-variable]
     float vccint;
           ^~~~~~
../src/helloworld.c:172:11: warning: unused variable 'Temp' [-Wunused-variable]
     float Temp;
           ^~~~
../src/helloworld.c:171:9: warning: unused variable 'raw_data' [-Wunused-variable]
     u16 raw_data;
         ^~~~~~~~
../src/helloworld.c:169:16: warning: unused variable 'LED2Enable' [-Wunused-variable]
  u8 LED1Enable,LED2Enable;
                ^~~~~~~~~~
../src/helloworld.c:169:5: warning: unused variable 'LED1Enable' [-Wunused-variable]
  u8 LED1Enable,LED2Enable;
     ^~~~~~~~~~
../src/helloworld.c:168:6: warning: unused variable 'MouseCoordiY' [-Wunused-variable]
  int MouseCoordiY;  // To save Mouse coordinate.
      ^~~~~~~~~~~~
../src/helloworld.c:167:6: warning: unused variable 'MouseCoordiX' [-Wunused-variable]
  int MouseCoordiX;  // To save Mouse coordinate.
      ^~~~~~~~~~~~
../src/helloworld.c:165:6: warning: unused variable 'Last_OpticCoordiY' [-Wunused-variable]
  int Last_OpticCoordiY;  // To save Last Optic center coordinate.
      ^~~~~~~~~~~~~~~~~
../src/helloworld.c:164:6: warning: unused variable 'OpticCoordiY' [-Wunused-variable]
  int OpticCoordiY;  // To save Optic center coordinate.
      ^~~~~~~~~~~~
../src/helloworld.c:162:6: warning: unused variable 'Last_OpticCoordiX' [-Wunused-variable]
  int Last_OpticCoordiX;
      ^~~~~~~~~~~~~~~~~
../src/helloworld.c:161:6: warning: unused variable 'OpticCoordiX' [-Wunused-variable]
  int OpticCoordiX;  // To save Optic center coordinate.
      ^~~~~~~~~~~~
../src/helloworld.c:121:5: warning: unused variable 'state' [-Wunused-variable]
  u8 state = UART_RXCHECK;                // Received the data first default.
     ^~~~~
../src/helloworld.c:120:6: warning: unused variable 'SendBufferPtr' [-Wunused-variable]
  u8 *SendBufferPtr;
      ^~~~~~~~~~~~~
../src/helloworld.c:119:6: warning: unused variable 'SendByteNum' [-Wunused-variable]
  u32 SendByteNum;
      ^~~~~~~~~~~
../src/helloworld.c: In function 'Axisfunction':
../src/helloworld.c:513:9: warning: function returns address of local variable [-Wreturn-local-addr]
  return arr_output;
         ^~~~~~~~~~
'Finished building: ../src/helloworld.c'
' '
'Building target: Matrix_DynamicSpot.elf'
'Invoking: ARM v7 gcc linker'
arm-none-eabi-gcc -mcpu=cortex-a9 -mfpu=vfpv3 -mfloat-abi=hard -Wl,-build-id=none -specs=Xilinx.spec -Wl,-T -Wl,../src/lscript.ld -L../../Matrix_DynamicSpot_bsp/ps7_cortexa9_0/lib -o "Matrix_DynamicSpot.elf"  ./src/helloworld.o ./src/platform.o   -lm -Wl,--start-group,-lxil,-lgcc,-lc,--end-group
'Finished building target: Matrix_DynamicSpot.elf'
' '
'Invoking: ARM v7 Print Size'
arm-none-eabi-size Matrix_DynamicSpot.elf  |tee "Matrix_DynamicSpot.elf.size"
   text	   data	    bss	    dec	    hex	filename
  48888	   1984	  22936	  73808	  12050	Matrix_DynamicSpot.elf
'Finished building: Matrix_DynamicSpot.elf.size'
' '
10:23:29 **** Incremental Build of configuration Debug for project Matrix_DynamicSpot ****
make pre-build main-build 
a9-linaro-pre-build-step
' '
make: Nothing to be done for 'main-build'.
10:23:50 **** Auto Build of configuration Debug for project Matrix_DynamicSpot ****
make pre-build main-build 
a9-linaro-pre-build-step
' '
'Building file: ../src/helloworld.c'
'Invoking: ARM v7 gcc compiler'
arm-none-eabi-gcc -Wall -O0 -g3 -c -fmessage-length=0 -MT"src/helloworld.o" -mcpu=cortex-a9 -mfpu=vfpv3 -mfloat-abi=hard -I../../Matrix_DynamicSpot_bsp/ps7_cortexa9_0/include -MMD -MP -MF"src/helloworld.d" -MT"src/helloworld.o" -o "src/helloworld.o" "../src/helloworld.c"
../src/helloworld.c:40: warning: "UART_DEVICE_ID" redefined
 #define UART_DEVICE_ID      XPAR_XUARTPS_0_DEVICE_ID
 
In file included from ../src/platform.h:36,
                 from ../src/helloworld.c:14:
../src/platform_config.h:5: note: this is the location of the previous definition
 #define UART_DEVICE_ID 0
 
../src/helloworld.c: In function 'main':
../src/helloworld.c:175:8: warning: unused variable 'datastr' [-Wunused-variable]
     u8 datastr[128];
        ^~~~~~~
../src/helloworld.c:174:11: warning: unused variable 'vccaux' [-Wunused-variable]
     float vccaux;
           ^~~~~~
../src/helloworld.c:173:11: warning: unused variable 'vccint' [-Wunused-variable]
     float vccint;
           ^~~~~~
../src/helloworld.c:172:11: warning: unused variable 'Temp' [-Wunused-variable]
     float Temp;
           ^~~~
../src/helloworld.c:171:9: warning: unused variable 'raw_data' [-Wunused-variable]
     u16 raw_data;
         ^~~~~~~~
../src/helloworld.c:169:16: warning: unused variable 'LED2Enable' [-Wunused-variable]
  u8 LED1Enable,LED2Enable;
                ^~~~~~~~~~
../src/helloworld.c:169:5: warning: unused variable 'LED1Enable' [-Wunused-variable]
  u8 LED1Enable,LED2Enable;
     ^~~~~~~~~~
../src/helloworld.c:168:6: warning: unused variable 'MouseCoordiY' [-Wunused-variable]
  int MouseCoordiY;  // To save Mouse coordinate.
      ^~~~~~~~~~~~
../src/helloworld.c:167:6: warning: unused variable 'MouseCoordiX' [-Wunused-variable]
  int MouseCoordiX;  // To save Mouse coordinate.
      ^~~~~~~~~~~~
../src/helloworld.c:165:6: warning: unused variable 'Last_OpticCoordiY' [-Wunused-variable]
  int Last_OpticCoordiY;  // To save Last Optic center coordinate.
      ^~~~~~~~~~~~~~~~~
../src/helloworld.c:164:6: warning: unused variable 'OpticCoordiY' [-Wunused-variable]
  int OpticCoordiY;  // To save Optic center coordinate.
      ^~~~~~~~~~~~
../src/helloworld.c:162:6: warning: unused variable 'Last_OpticCoordiX' [-Wunused-variable]
  int Last_OpticCoordiX;
      ^~~~~~~~~~~~~~~~~
../src/helloworld.c:161:6: warning: unused variable 'OpticCoordiX' [-Wunused-variable]
  int OpticCoordiX;  // To save Optic center coordinate.
      ^~~~~~~~~~~~
../src/helloworld.c:121:5: warning: unused variable 'state' [-Wunused-variable]
  u8 state = UART_RXCHECK;                // Received the data first default.
     ^~~~~
../src/helloworld.c:120:6: warning: unused variable 'SendBufferPtr' [-Wunused-variable]
  u8 *SendBufferPtr;
      ^~~~~~~~~~~~~
../src/helloworld.c:119:6: warning: unused variable 'SendByteNum' [-Wunused-variable]
  u32 SendByteNum;
      ^~~~~~~~~~~
../src/helloworld.c: In function 'Axisfunction':
../src/helloworld.c:513:9: warning: function returns address of local variable [-Wreturn-local-addr]
  return arr_output;
         ^~~~~~~~~~
'Finished building: ../src/helloworld.c'
' '
'Building target: Matrix_DynamicSpot.elf'
'Invoking: ARM v7 gcc linker'
arm-none-eabi-gcc -mcpu=cortex-a9 -mfpu=vfpv3 -mfloat-abi=hard -Wl,-build-id=none -specs=Xilinx.spec -Wl,-T -Wl,../src/lscript.ld -L../../Matrix_DynamicSpot_bsp/ps7_cortexa9_0/lib -o "Matrix_DynamicSpot.elf"  ./src/helloworld.o ./src/platform.o   -lm -Wl,--start-group,-lxil,-lgcc,-lc,--end-group
'Finished building target: Matrix_DynamicSpot.elf'
' '
'Invoking: ARM v7 Print Size'
arm-none-eabi-size Matrix_DynamicSpot.elf  |tee "Matrix_DynamicSpot.elf.size"
   text	   data	    bss	    dec	    hex	filename
  48888	   1984	  22936	  73808	  12050	Matrix_DynamicSpot.elf
'Finished building: Matrix_DynamicSpot.elf.size'
' '
10:23:56 **** Incremental Build of configuration Debug for project Matrix_DynamicSpot ****
make pre-build main-build 
a9-linaro-pre-build-step
' '
make: Nothing to be done for 'main-build'.
10:26:06 **** Incremental Build of configuration Debug for project Matrix_DynamicSpot ****
make pre-build main-build 
a9-linaro-pre-build-step
' '
'Building file: ../src/helloworld.c'
'Invoking: ARM v7 gcc compiler'
arm-none-eabi-gcc -Wall -O0 -g3 -c -fmessage-length=0 -MT"src/helloworld.o" -mcpu=cortex-a9 -mfpu=vfpv3 -mfloat-abi=hard -I../../Matrix_DynamicSpot_bsp/ps7_cortexa9_0/include -MMD -MP -MF"src/helloworld.d" -MT"src/helloworld.o" -o "src/helloworld.o" "../src/helloworld.c"
../src/helloworld.c:40: warning: "UART_DEVICE_ID" redefined
 #define UART_DEVICE_ID      XPAR_XUARTPS_0_DEVICE_ID
 
In file included from ../src/platform.h:36,
                 from ../src/helloworld.c:14:
../src/platform_config.h:5: note: this is the location of the previous definition
 #define UART_DEVICE_ID 0
 
../src/helloworld.c: In function 'main':
../src/helloworld.c:175:8: warning: unused variable 'datastr' [-Wunused-variable]
     u8 datastr[128];
        ^~~~~~~
../src/helloworld.c:174:11: warning: unused variable 'vccaux' [-Wunused-variable]
     float vccaux;
           ^~~~~~
../src/helloworld.c:173:11: warning: unused variable 'vccint' [-Wunused-variable]
     float vccint;
           ^~~~~~
../src/helloworld.c:172:11: warning: unused variable 'Temp' [-Wunused-variable]
     float Temp;
           ^~~~
../src/helloworld.c:171:9: warning: unused variable 'raw_data' [-Wunused-variable]
     u16 raw_data;
         ^~~~~~~~
../src/helloworld.c:169:16: warning: unused variable 'LED2Enable' [-Wunused-variable]
  u8 LED1Enable,LED2Enable;
                ^~~~~~~~~~
../src/helloworld.c:169:5: warning: unused variable 'LED1Enable' [-Wunused-variable]
  u8 LED1Enable,LED2Enable;
     ^~~~~~~~~~
../src/helloworld.c:168:6: warning: unused variable 'MouseCoordiY' [-Wunused-variable]
  int MouseCoordiY;  // To save Mouse coordinate.
      ^~~~~~~~~~~~
../src/helloworld.c:167:6: warning: unused variable 'MouseCoordiX' [-Wunused-variable]
  int MouseCoordiX;  // To save Mouse coordinate.
      ^~~~~~~~~~~~
../src/helloworld.c:165:6: warning: unused variable 'Last_OpticCoordiY' [-Wunused-variable]
  int Last_OpticCoordiY;  // To save Last Optic center coordinate.
      ^~~~~~~~~~~~~~~~~
../src/helloworld.c:164:6: warning: unused variable 'OpticCoordiY' [-Wunused-variable]
  int OpticCoordiY;  // To save Optic center coordinate.
      ^~~~~~~~~~~~
../src/helloworld.c:162:6: warning: unused variable 'Last_OpticCoordiX' [-Wunused-variable]
  int Last_OpticCoordiX;
      ^~~~~~~~~~~~~~~~~
../src/helloworld.c:161:6: warning: unused variable 'OpticCoordiX' [-Wunused-variable]
  int OpticCoordiX;  // To save Optic center coordinate.
      ^~~~~~~~~~~~
../src/helloworld.c:121:5: warning: unused variable 'state' [-Wunused-variable]
  u8 state = UART_RXCHECK;                // Received the data first default.
     ^~~~~
../src/helloworld.c:120:6: warning: unused variable 'SendBufferPtr' [-Wunused-variable]
  u8 *SendBufferPtr;
      ^~~~~~~~~~~~~
../src/helloworld.c:119:6: warning: unused variable 'SendByteNum' [-Wunused-variable]
  u32 SendByteNum;
      ^~~~~~~~~~~
../src/helloworld.c: In function 'Axisfunction':
../src/helloworld.c:513:9: warning: function returns address of local variable [-Wreturn-local-addr]
  return arr_output;
         ^~~~~~~~~~
'Finished building: ../src/helloworld.c'
' '
'Building target: Matrix_DynamicSpot.elf'
'Invoking: ARM v7 gcc linker'
arm-none-eabi-gcc -mcpu=cortex-a9 -mfpu=vfpv3 -mfloat-abi=hard -Wl,-build-id=none -specs=Xilinx.spec -Wl,-T -Wl,../src/lscript.ld -L../../Matrix_DynamicSpot_bsp/ps7_cortexa9_0/lib -o "Matrix_DynamicSpot.elf"  ./src/helloworld.o ./src/platform.o   -lm -Wl,--start-group,-lxil,-lgcc,-lc,--end-group
'Finished building target: Matrix_DynamicSpot.elf'
' '
'Invoking: ARM v7 Print Size'
arm-none-eabi-size Matrix_DynamicSpot.elf  |tee "Matrix_DynamicSpot.elf.size"
   text	   data	    bss	    dec	    hex	filename
  48888	   1984	  22936	  73808	  12050	Matrix_DynamicSpot.elf
'Finished building: Matrix_DynamicSpot.elf.size'
' '
10:27:39 **** Auto Build of configuration Debug for project Matrix_DynamicSpot ****
make pre-build main-build 
a9-linaro-pre-build-step
' '
'Building file: ../src/helloworld.c'
'Invoking: ARM v7 gcc compiler'
arm-none-eabi-gcc -Wall -O0 -g3 -c -fmessage-length=0 -MT"src/helloworld.o" -mcpu=cortex-a9 -mfpu=vfpv3 -mfloat-abi=hard -I../../Matrix_DynamicSpot_bsp/ps7_cortexa9_0/include -MMD -MP -MF"src/helloworld.d" -MT"src/helloworld.o" -o "src/helloworld.o" "../src/helloworld.c"
../src/helloworld.c:40: warning: "UART_DEVICE_ID" redefined
 #define UART_DEVICE_ID      XPAR_XUARTPS_0_DEVICE_ID
 
In file included from ../src/platform.h:36,
                 from ../src/helloworld.c:14:
../src/platform_config.h:5: note: this is the location of the previous definition
 #define UART_DEVICE_ID 0
 
../src/helloworld.c: In function 'main':
../src/helloworld.c:175:8: warning: unused variable 'datastr' [-Wunused-variable]
     u8 datastr[128];
        ^~~~~~~
../src/helloworld.c:174:11: warning: unused variable 'vccaux' [-Wunused-variable]
     float vccaux;
           ^~~~~~
../src/helloworld.c:173:11: warning: unused variable 'vccint' [-Wunused-variable]
     float vccint;
           ^~~~~~
../src/helloworld.c:172:11: warning: unused variable 'Temp' [-Wunused-variable]
     float Temp;
           ^~~~
../src/helloworld.c:171:9: warning: unused variable 'raw_data' [-Wunused-variable]
     u16 raw_data;
         ^~~~~~~~
../src/helloworld.c:169:16: warning: unused variable 'LED2Enable' [-Wunused-variable]
  u8 LED1Enable,LED2Enable;
                ^~~~~~~~~~
../src/helloworld.c:169:5: warning: unused variable 'LED1Enable' [-Wunused-variable]
  u8 LED1Enable,LED2Enable;
     ^~~~~~~~~~
../src/helloworld.c:168:6: warning: unused variable 'MouseCoordiY' [-Wunused-variable]
  int MouseCoordiY;  // To save Mouse coordinate.
      ^~~~~~~~~~~~
../src/helloworld.c:167:6: warning: unused variable 'MouseCoordiX' [-Wunused-variable]
  int MouseCoordiX;  // To save Mouse coordinate.
      ^~~~~~~~~~~~
../src/helloworld.c:165:6: warning: unused variable 'Last_OpticCoordiY' [-Wunused-variable]
  int Last_OpticCoordiY;  // To save Last Optic center coordinate.
      ^~~~~~~~~~~~~~~~~
[...]
  u8 LED1Enable,LED2Enable;
     ^~~~~~~~~~
../src/helloworld.c:168:6: warning: unused variable 'MouseCoordiY' [-Wunused-variable]
  int MouseCoordiY;  // To save Mouse coordinate.
      ^~~~~~~~~~~~
../src/helloworld.c:167:6: warning: unused variable 'MouseCoordiX' [-Wunused-variable]
  int MouseCoordiX;  // To save Mouse coordinate.
      ^~~~~~~~~~~~
../src/helloworld.c:165:6: warning: unused variable 'Last_OpticCoordiY' [-Wunused-variable]
  int Last_OpticCoordiY;  // To save Last Optic center coordinate.
      ^~~~~~~~~~~~~~~~~
../src/helloworld.c:164:6: warning: unused variable 'OpticCoordiY' [-Wunused-variable]
  int OpticCoordiY;  // To save Optic center coordinate.
      ^~~~~~~~~~~~
../src/helloworld.c:162:6: warning: unused variable 'Last_OpticCoordiX' [-Wunused-variable]
  int Last_OpticCoordiX;
      ^~~~~~~~~~~~~~~~~
../src/helloworld.c:161:6: warning: unused variable 'OpticCoordiX' [-Wunused-variable]
  int OpticCoordiX;  // To save Optic center coordinate.
      ^~~~~~~~~~~~
../src/helloworld.c:121:5: warning: unused variable 'state' [-Wunused-variable]
  u8 state = UART_RXCHECK;                // Received the data first default.
     ^~~~~
../src/helloworld.c:120:6: warning: unused variable 'SendBufferPtr' [-Wunused-variable]
  u8 *SendBufferPtr;
      ^~~~~~~~~~~~~
../src/helloworld.c:119:6: warning: unused variable 'SendByteNum' [-Wunused-variable]
  u32 SendByteNum;
      ^~~~~~~~~~~
../src/helloworld.c: In function 'Axisfunction':
../src/helloworld.c:624:9: warning: function returns address of local variable [-Wreturn-local-addr]
  return arr_output;
         ^~~~~~~~~~
'Finished building: ../src/helloworld.c'
' '
'Building target: Matrix_DynamicSpot.elf'
'Invoking: ARM v7 gcc linker'
arm-none-eabi-gcc -mcpu=cortex-a9 -mfpu=vfpv3 -mfloat-abi=hard -Wl,-build-id=none -specs=Xilinx.spec -Wl,-T -Wl,../src/lscript.ld -L../../Matrix_DynamicSpot_bsp/ps7_cortexa9_0/lib -o "Matrix_DynamicSpot.elf"  ./src/helloworld.o ./src/platform.o   -lm -Wl,--start-group,-lxil,-lgcc,-lc,--end-group
'Finished building target: Matrix_DynamicSpot.elf'
' '
'Invoking: ARM v7 Print Size'
arm-none-eabi-size Matrix_DynamicSpot.elf  |tee "Matrix_DynamicSpot.elf.size"
   text	   data	    bss	    dec	    hex	filename
  50240	   1984	  22936	  75160	  12598	Matrix_DynamicSpot.elf
'Finished building: Matrix_DynamicSpot.elf.size'
' '
13:21:05 **** Incremental Build of configuration Debug for project Matrix_DynamicSpot ****
make pre-build main-build 
a9-linaro-pre-build-step
' '
make: Nothing to be done for 'main-build'.
13:22:59 **** Auto Build of configuration Debug for project Matrix_DynamicSpot ****
make pre-build main-build 
a9-linaro-pre-build-step
' '
'Building file: ../src/helloworld.c'
'Invoking: ARM v7 gcc compiler'
arm-none-eabi-gcc -Wall -O0 -g3 -c -fmessage-length=0 -MT"src/helloworld.o" -mcpu=cortex-a9 -mfpu=vfpv3 -mfloat-abi=hard -I../../Matrix_DynamicSpot_bsp/ps7_cortexa9_0/include -MMD -MP -MF"src/helloworld.d" -MT"src/helloworld.o" -o "src/helloworld.o" "../src/helloworld.c"
../src/helloworld.c:40: warning: "UART_DEVICE_ID" redefined
 #define UART_DEVICE_ID      XPAR_XUARTPS_0_DEVICE_ID
 
In file included from ../src/platform.h:36,
                 from ../src/helloworld.c:14:
../src/platform_config.h:5: note: this is the location of the previous definition
 #define UART_DEVICE_ID 0
 
../src/helloworld.c: In function 'main':
../src/helloworld.c:175:8: warning: unused variable 'datastr' [-Wunused-variable]
     u8 datastr[128];
        ^~~~~~~
../src/helloworld.c:174:11: warning: unused variable 'vccaux' [-Wunused-variable]
     float vccaux;
           ^~~~~~
../src/helloworld.c:173:11: warning: unused variable 'vccint' [-Wunused-variable]
     float vccint;
           ^~~~~~
../src/helloworld.c:172:11: warning: unused variable 'Temp' [-Wunused-variable]
     float Temp;
           ^~~~
../src/helloworld.c:171:9: warning: unused variable 'raw_data' [-Wunused-variable]
     u16 raw_data;
         ^~~~~~~~
../src/helloworld.c:169:16: warning: unused variable 'LED2Enable' [-Wunused-variable]
  u8 LED1Enable,LED2Enable;
                ^~~~~~~~~~
../src/helloworld.c:169:5: warning: unused variable 'LED1Enable' [-Wunused-variable]
  u8 LED1Enable,LED2Enable;
     ^~~~~~~~~~
../src/helloworld.c:168:6: warning: unused variable 'MouseCoordiY' [-Wunused-variable]
  int MouseCoordiY;  // To save Mouse coordinate.
      ^~~~~~~~~~~~
../src/helloworld.c:167:6: warning: unused variable 'MouseCoordiX' [-Wunused-variable]
  int MouseCoordiX;  // To save Mouse coordinate.
      ^~~~~~~~~~~~
../src/helloworld.c:165:6: warning: unused variable 'Last_OpticCoordiY' [-Wunused-variable]
  int Last_OpticCoordiY;  // To save Last Optic center coordinate.
      ^~~~~~~~~~~~~~~~~
../src/helloworld.c:164:6: warning: unused variable 'OpticCoordiY' [-Wunused-variable]
  int OpticCoordiY;  // To save Optic center coordinate.
      ^~~~~~~~~~~~
../src/helloworld.c:162:6: warning: unused variable 'Last_OpticCoordiX' [-Wunused-variable]
  int Last_OpticCoordiX;
      ^~~~~~~~~~~~~~~~~
../src/helloworld.c:161:6: warning: unused variable 'OpticCoordiX' [-Wunused-variable]
  int OpticCoordiX;  // To save Optic center coordinate.
      ^~~~~~~~~~~~
../src/helloworld.c:121:5: warning: unused variable 'state' [-Wunused-variable]
  u8 state = UART_RXCHECK;                // Received the data first default.
     ^~~~~
../src/helloworld.c:120:6: warning: unused variable 'SendBufferPtr' [-Wunused-variable]
  u8 *SendBufferPtr;
      ^~~~~~~~~~~~~
../src/helloworld.c:119:6: warning: unused variable 'SendByteNum' [-Wunused-variable]
  u32 SendByteNum;
      ^~~~~~~~~~~
../src/helloworld.c: In function 'Axisfunction':
../src/helloworld.c:624:9: warning: function returns address of local variable [-Wreturn-local-addr]
  return arr_output;
         ^~~~~~~~~~
'Finished building: ../src/helloworld.c'
' '
'Building target: Matrix_DynamicSpot.elf'
'Invoking: ARM v7 gcc linker'
arm-none-eabi-gcc -mcpu=cortex-a9 -mfpu=vfpv3 -mfloat-abi=hard -Wl,-build-id=none -specs=Xilinx.spec -Wl,-T -Wl,../src/lscript.ld -L../../Matrix_DynamicSpot_bsp/ps7_cortexa9_0/lib -o "Matrix_DynamicSpot.elf"  ./src/helloworld.o ./src/platform.o   -lm -Wl,--start-group,-lxil,-lgcc,-lc,--end-group
'Finished building target: Matrix_DynamicSpot.elf'
' '
'Invoking: ARM v7 Print Size'
arm-none-eabi-size Matrix_DynamicSpot.elf  |tee "Matrix_DynamicSpot.elf.size"
   text	   data	    bss	    dec	    hex	filename
  50240	   1984	  22936	  75160	  12598	Matrix_DynamicSpot.elf
'Finished building: Matrix_DynamicSpot.elf.size'
' '
13:23:03 **** Incremental Build of configuration Debug for project Matrix_DynamicSpot ****
make pre-build main-build 
a9-linaro-pre-build-step
' '
make: Nothing to be done for 'main-build'.
13:28:31 **** Auto Build of configuration Debug for project Matrix_DynamicSpot ****
make pre-build main-build 
a9-linaro-pre-build-step
' '
'Building file: ../src/helloworld.c'
'Invoking: ARM v7 gcc compiler'
arm-none-eabi-gcc -Wall -O0 -g3 -c -fmessage-length=0 -MT"src/helloworld.o" -mcpu=cortex-a9 -mfpu=vfpv3 -mfloat-abi=hard -I../../Matrix_DynamicSpot_bsp/ps7_cortexa9_0/include -MMD -MP -MF"src/helloworld.d" -MT"src/helloworld.o" -o "src/helloworld.o" "../src/helloworld.c"
../src/helloworld.c:40: warning: "UART_DEVICE_ID" redefined
 #define UART_DEVICE_ID      XPAR_XUARTPS_0_DEVICE_ID
 
In file included from ../src/platform.h:36,
                 from ../src/helloworld.c:14:
../src/platform_config.h:5: note: this is the location of the previous definition
 #define UART_DEVICE_ID 0
 
../src/helloworld.c: In function 'main':
../src/helloworld.c:175:8: warning: unused variable 'datastr' [-Wunused-variable]
     u8 datastr[128];
        ^~~~~~~
../src/helloworld.c:174:11: warning: unused variable 'vccaux' [-Wunused-variable]
     float vccaux;
           ^~~~~~
../src/helloworld.c:173:11: warning: unused variable 'vccint' [-Wunused-variable]
     float vccint;
           ^~~~~~
../src/helloworld.c:172:11: warning: unused variable 'Temp' [-Wunused-variable]
     float Temp;
           ^~~~
../src/helloworld.c:171:9: warning: unused variable 'raw_data' [-Wunused-variable]
     u16 raw_data;
         ^~~~~~~~
../src/helloworld.c:169:16: warning: unused variable 'LED2Enable' [-Wunused-variable]
  u8 LED1Enable,LED2Enable;
                ^~~~~~~~~~
../src/helloworld.c:169:5: warning: unused variable 'LED1Enable' [-Wunused-variable]
  u8 LED1Enable,LED2Enable;
     ^~~~~~~~~~
../src/helloworld.c:168:6: warning: unused variable 'MouseCoordiY' [-Wunused-variable]
  int MouseCoordiY;  // To save Mouse coordinate.
      ^~~~~~~~~~~~
../src/helloworld.c:167:6: warning: unused variable 'MouseCoordiX' [-Wunused-variable]
  int MouseCoordiX;  // To save Mouse coordinate.
      ^~~~~~~~~~~~
../src/helloworld.c:165:6: warning: unused variable 'Last_OpticCoordiY' [-Wunused-variable]
  int Last_OpticCoordiY;  // To save Last Optic center coordinate.
      ^~~~~~~~~~~~~~~~~
../src/helloworld.c:164:6: warning: unused variable 'OpticCoordiY' [-Wunused-variable]
  int OpticCoordiY;  // To save Optic center coordinate.
      ^~~~~~~~~~~~
../src/helloworld.c:162:6: warning: unused variable 'Last_OpticCoordiX' [-Wunused-variable]
  int Last_OpticCoordiX;
      ^~~~~~~~~~~~~~~~~
../src/helloworld.c:161:6: warning: unused variable 'OpticCoordiX' [-Wunused-variable]
  int OpticCoordiX;  // To save Optic center coordinate.
      ^~~~~~~~~~~~
../src/helloworld.c:121:5: warning: unused variable 'state' [-Wunused-variable]
  u8 state = UART_RXCHECK;                // Received the data first default.
     ^~~~~
../src/helloworld.c:120:6: warning: unused variable 'SendBufferPtr' [-Wunused-variable]
  u8 *SendBufferPtr;
      ^~~~~~~~~~~~~
../src/helloworld.c:119:6: warning: unused variable 'SendByteNum' [-Wunused-variable]
  u32 SendByteNum;
      ^~~~~~~~~~~
../src/helloworld.c: In function 'Axisfunction':
../src/helloworld.c:624:9: warning: function returns address of local variable [-Wreturn-local-addr]
  return arr_output;
         ^~~~~~~~~~
'Finished building: ../src/helloworld.c'
' '
'Building target: Matrix_DynamicSpot.elf'
'Invoking: ARM v7 gcc linker'
arm-none-eabi-gcc -mcpu=cortex-a9 -mfpu=vfpv3 -mfloat-abi=hard -Wl,-build-id=none -specs=Xilinx.spec -Wl,-T -Wl,../src/lscript.ld -L../../Matrix_DynamicSpot_bsp/ps7_cortexa9_0/lib -o "Matrix_DynamicSpot.elf"  ./src/helloworld.o ./src/platform.o   -lm -Wl,--start-group,-lxil,-lgcc,-lc,--end-group
'Finished building target: Matrix_DynamicSpot.elf'
' '
'Invoking: ARM v7 Print Size'
arm-none-eabi-size Matrix_DynamicSpot.elf  |tee "Matrix_DynamicSpot.elf.size"
   text	   data	    bss	    dec	    hex	filename
  50240	   1984	  22936	  75160	  12598	Matrix_DynamicSpot.elf
'Finished building: Matrix_DynamicSpot.elf.size'
' '
13:28:55 **** Auto Build of configuration Debug for project Matrix_DynamicSpot ****
make pre-build main-build 
a9-linaro-pre-build-step
' '
'Building file: ../src/helloworld.c'
'Invoking: ARM v7 gcc compiler'
arm-none-eabi-gcc -Wall -O0 -g3 -c -fmessage-length=0 -MT"src/helloworld.o" -mcpu=cortex-a9 -mfpu=vfpv3 -mfloat-abi=hard -I../../Matrix_DynamicSpot_bsp/ps7_cortexa9_0/include -MMD -MP -MF"src/helloworld.d" -MT"src/helloworld.o" -o "src/helloworld.o" "../src/helloworld.c"
../src/helloworld.c:40: warning: "UART_DEVICE_ID" redefined
 #define UART_DEVICE_ID      XPAR_XUARTPS_0_DEVICE_ID
 
In file included from ../src/platform.h:36,
                 from ../src/helloworld.c:14:
../src/platform_config.h:5: note: this is the location of the previous definition
 #define UART_DEVICE_ID 0
 
../src/helloworld.c: In function 'main':
../src/helloworld.c:175:8: warning: unused variable 'datastr' [-Wunused-variable]
     u8 datastr[128];
        ^~~~~~~
../src/helloworld.c:174:11: warning: unused variable 'vccaux' [-Wunused-variable]
     float vccaux;
           ^~~~~~
../src/helloworld.c:173:11: warning: unused variable 'vccint' [-Wunused-variable]
     float vccint;
           ^~~~~~
../src/helloworld.c:172:11: warning: unused variable 'Temp' [-Wunused-variable]
     float Temp;
           ^~~~
../src/helloworld.c:171:9: warning: unused variable 'raw_data' [-Wunused-variable]
     u16 raw_data;
         ^~~~~~~~
../src/helloworld.c:169:16: warning: unused variable 'LED2Enable' [-Wunused-variable]
  u8 LED1Enable,LED2Enable;
                ^~~~~~~~~~
../src/helloworld.c:169:5: warning: unused variable 'LED1Enable' [-Wunused-variable]
  u8 LED1Enable,LED2Enable;
     ^~~~~~~~~~
../src/helloworld.c:168:6: warning: unused variable 'MouseCoordiY' [-Wunused-variable]
  int MouseCoordiY;  // To save Mouse coordinate.
      ^~~~~~~~~~~~
../src/helloworld.c:167:6: warning: unused variable 'MouseCoordiX' [-Wunused-variable]
  int MouseCoordiX;  // To save Mouse coordinate.
      ^~~~~~~~~~~~
../src/helloworld.c:165:6: warning: unused variable 'Last_OpticCoordiY' [-Wunused-variable]
  int Last_OpticCoordiY;  // To save Last Optic center coordinate.
      ^~~~~~~~~~~~~~~~~
../src/helloworld.c:164:6: warning: unused variable 'OpticCoordiY' [-Wunused-variable]
  int OpticCoordiY;  // To save Optic center coordinate.
      ^~~~~~~~~~~~
../src/helloworld.c:162:6: warning: unused variable 'Last_OpticCoordiX' [-Wunused-variable]
  int Last_OpticCoordiX;
      ^~~~~~~~~~~~~~~~~
../src/helloworld.c:161:6: warning: unused variable 'OpticCoordiX' [-Wunused-variable]
  int OpticCoordiX;  // To save Optic center coordinate.
      ^~~~~~~~~~~~
../src/helloworld.c:121:5: warning: unused variable 'state' [-Wunused-variable]
  u8 state = UART_RXCHECK;                // Received the data first default.
     ^~~~~
../src/helloworld.c:120:6: warning: unused variable 'SendBufferPtr' [-Wunused-variable]
  u8 *SendBufferPtr;
      ^~~~~~~~~~~~~
../src/helloworld.c:119:6: warning: unused variable 'SendByteNum' [-Wunused-variable]
  u32 SendByteNum;
      ^~~~~~~~~~~
../src/helloworld.c: In function 'Axisfunction':
../src/helloworld.c:624:9: warning: function returns address of local variable [-Wreturn-local-addr]
  return arr_output;
         ^~~~~~~~~~
'Finished building: ../src/helloworld.c'
' '
'Building target: Matrix_DynamicSpot.elf'
'Invoking: ARM v7 gcc linker'
arm-none-eabi-gcc -mcpu=cortex-a9 -mfpu=vfpv3 -mfloat-abi=hard -Wl,-build-id=none -specs=Xilinx.spec -Wl,-T -Wl,../src/lscript.ld -L../../Matrix_DynamicSpot_bsp/ps7_cortexa9_0/lib -o "Matrix_DynamicSpot.elf"  ./src/helloworld.o ./src/platform.o   -lm -Wl,--start-group,-lxil,-lgcc,-lc,--end-group
'Finished building target: Matrix_DynamicSpot.elf'
' '
'Invoking: ARM v7 Print Size'
arm-none-eabi-size Matrix_DynamicSpot.elf  |tee "Matrix_DynamicSpot.elf.size"
   text	   data	    bss	    dec	    hex	filename
  50240	   1984	  22936	  75160	  12598	Matrix_DynamicSpot.elf
'Finished building: Matrix_DynamicSpot.elf.size'
' '
13:30:02 **** Auto Build of configuration Debug for project Matrix_DynamicSpot ****
make pre-build main-build 
a9-linaro-pre-build-step
' '
'Building file: ../src/helloworld.c'
'Invoking: ARM v7 gcc compiler'
arm-none-eabi-gcc -Wall -O0 -g3 -c -fmessage-length=0 -MT"src/helloworld.o" -mcpu=cortex-a9 -mfpu=vfpv3 -mfloat-abi=hard -I../../Matrix_DynamicSpot_bsp/ps7_cortexa9_0/include -MMD -MP -MF"src/helloworld.d" -MT"src/helloworld.o" -o "src/helloworld.o" "../src/helloworld.c"
../src/helloworld.c:40: warning: "UART_DEVICE_ID" redefined
 #define UART_DEVICE_ID      XPAR_XUARTPS_0_DEVICE_ID
 
In file included from ../src/platform.h:36,
                 from ../src/helloworld.c:14:
../src/platform_config.h:5: note: this is the location of the previous definition
 #define UART_DEVICE_ID 0
 
../src/helloworld.c: In function 'main':
../src/helloworld.c:175:8: warning: unused variable 'datastr' [-Wunused-variable]
     u8 datastr[128];
        ^~~~~~~
../src/helloworld.c:174:11: warning: unused variable 'vccaux' [-Wunused-variable]
     float vccaux;
           ^~~~~~
../src/helloworld.c:173:11: warning: unused variable 'vccint' [-Wunused-variable]
     float vccint;
           ^~~~~~
../src/helloworld.c:172:11: warning: unused variable 'Temp' [-Wunused-variable]
     float Temp;
           ^~~~
../src/helloworld.c:171:9: warning: unused variable 'raw_data' [-Wunused-variable]
     u16 raw_data;
         ^~~~~~~~
../src/helloworld.c:169:16: warning: unused variable 'LED2Enable' [-Wunused-variable]
  u8 LED1Enable,LED2Enable;
                ^~~~~~~~~~
../src/helloworld.c:169:5: warning: unused variable 'LED1Enable' [-Wunused-variable]
  u8 LED1Enable,LED2Enable;
     ^~~~~~~~~~
../src/helloworld.c:168:6: warning: unused variable 'MouseCoordiY' [-Wunused-variable]
  int MouseCoordiY;  // To save Mouse coordinate.
      ^~~~~~~~~~~~
../src/helloworld.c:167:6: warning: unused variable 'MouseCoordiX' [-Wunused-variable]
  int MouseCoordiX;  // To save Mouse coordinate.
      ^~~~~~~~~~~~
../src/helloworld.c:165:6: warning: unused variable 'Last_OpticCoordiY' [-Wunused-variable]
  int Last_OpticCoordiY;  // To save Last Optic center coordinate.
      ^~~~~~~~~~~~~~~~~
../src/helloworld.c:164:6: warning: unused variable 'OpticCoordiY' [-Wunused-variable]
  int OpticCoordiY;  // To save Optic center coordinate.
      ^~~~~~~~~~~~
../src/helloworld.c:162:6: warning: unused variable 'Last_OpticCoordiX' [-Wunused-variable]
  int Last_OpticCoordiX;
      ^~~~~~~~~~~~~~~~~
../src/helloworld.c:161:6: warning: unused variable 'OpticCoordiX' [-Wunused-variable]
  int OpticCoordiX;  // To save Optic center coordinate.
      ^~~~~~~~~~~~
../src/helloworld.c:121:5: warning: unused variable 'state' [-Wunused-variable]
  u8 state = UART_RXCHECK;                // Received the data first default.
     ^~~~~
../src/helloworld.c:120:6: warning: unused variable 'SendBufferPtr' [-Wunused-variable]
  u8 *SendBufferPtr;
      ^~~~~~~~~~~~~
../src/helloworld.c:119:6: warning: unused variable 'SendByteNum' [-Wunused-variable]
  u32 SendByteNum;
      ^~~~~~~~~~~
../src/helloworld.c: In function 'Axisfunction':
../src/helloworld.c:627:9: warning: function returns address of local variable [-Wreturn-local-addr]
  return arr_output;
         ^~~~~~~~~~
'Finished building: ../src/helloworld.c'
' '
'Building target: Matrix_DynamicSpot.elf'
'Invoking: ARM v7 gcc linker'
arm-none-eabi-gcc -mcpu=cortex-a9 -mfpu=vfpv3 -mfloat-abi=hard -Wl,-build-id=none -specs=Xilinx.spec -Wl,-T -Wl,../src/lscript.ld -L../../Matrix_DynamicSpot_bsp/ps7_cortexa9_0/lib -o "Matrix_DynamicSpot.elf"  ./src/helloworld.o ./src/platform.o   -lm -Wl,--start-group,-lxil,-lgcc,-lc,--end-group
'Finished building target: Matrix_DynamicSpot.elf'
' '
'Invoking: ARM v7 Print Size'
arm-none-eabi-size Matrix_DynamicSpot.elf  |tee "Matrix_DynamicSpot.elf.size"
   text	   data	    bss	    dec	    hex	filename
  50264	   1984	  22936	  75184	  125b0	Matrix_DynamicSpot.elf
'Finished building: Matrix_DynamicSpot.elf.size'
' '
13:30:14 **** Incremental Build of configuration Debug for project Matrix_DynamicSpot ****
make pre-build main-build 
a9-linaro-pre-build-step
' '
make: Nothing to be done for 'main-build'.
13:31:38 **** Incremental Build of configuration Debug for project Matrix_DynamicSpot ****
make pre-build main-build 
a9-linaro-pre-build-step
' '
make: Nothing to be done for 'main-build'.
13:34:26 **** Incremental Build of configuration Debug for project Matrix_DynamicSpot ****
make pre-build main-build 
a9-linaro-pre-build-step
' '
make: Nothing to be done for 'main-build'.
13:36:43 **** Incremental Build of configuration Debug for project Matrix_DynamicSpot ****
make pre-build main-build 
a9-linaro-pre-build-step
' '
make: Nothing to be done for 'main-build'.
13:37:21 **** Incremental Build of configuration Debug for project Matrix_DynamicSpot ****
make pre-build main-build 
a9-linaro-pre-build-step
' '
make: Nothing to be done for 'main-build'.
13:38:05 **** Incremental Build of configuration Debug for project Matrix_DynamicSpot ****
make pre-build main-build 
a9-linaro-pre-build-step
' '
make: Nothing to be done for 'main-build'.
